Component: ARM Compiler 5.06 update 6 (build 750) Tool: armlink [4d35ed]

==============================================================================

Section Cross References

    application.o(.text) refers to myconfig.o(.text) for EventCreate
    application.o(.text) refers to os_cpu_a.o(.text) for OS_CPU_SR_Save
    application.o(.text) refers to os_task.o(.text) for OSTaskSuspend
    application.o(.text) refers to misc.o(.text) for NVIC_PriorityGroupConfig
    application.o(.text) refers to os_core.o(.text) for OSInit
    application.o(.text) refers to myconfig.o(.bss) for START_TASK_STK
    myconfig.o(.text) refers to aeabi_memset.o(.text) for __aeabi_memset
    myconfig.o(.text) refers to os_cpu_a.o(.text) for OS_CPU_SR_Save
    myconfig.o(.text) refers to malloc.o(.text) for mymalloc
    myconfig.o(.text) refers to w25qxx_dir.o(.text) for W25QXX_Read
    myconfig.o(.text) refers to os_time.o(.text) for OSTimeDlyHMSM
    myconfig.o(.text) refers to memcmp.o(.text) for memcmp
    myconfig.o(.text) refers to delay.o(.text) for delay_init
    myconfig.o(.text) refers to beep_dri.o(.text) for Beep_Init
    myconfig.o(.text) refers to led_dri.o(.text) for Led_Init
    myconfig.o(.text) refers to transitionfunction.o(.text) for SYSYEM_Stable
    myconfig.o(.text) refers to stepmotor_dir.o(.text) for TIM10_Cap_Init
    myconfig.o(.text) refers to timer_dri.o(.text) for Timer2_Init
    myconfig.o(.text) refers to modbus.o(.text) for Mosbus_Init
    myconfig.o(.text) refers to trackmission_dri.o(.text) for TrackCount_Load
    myconfig.o(.text) refers to can_dri.o(.text) for CAN_Software_Init
    myconfig.o(.text) refers to stm32f4xx_tim.o(.text) for TIM_ITConfig
    myconfig.o(.text) refers to stm32f4xx_usart.o(.text) for USART_Cmd
    myconfig.o(.text) refers to stm32f4xx_gpio.o(.text) for GPIO_ResetBits
    myconfig.o(.text) refers to rt_memclr_w.o(.text) for __aeabi_memclr4
    myconfig.o(.text) refers to os_sem.o(.text) for OSSemCreate
    myconfig.o(.text) refers to os_mbox.o(.text) for OSMboxCreate
    myconfig.o(.text) refers to os_task.o(.text) for OSTaskCreate
    myconfig.o(.text) refers to globaldata.o(.data) for TranferSpeed
    myconfig.o(.text) refers to globaldata.o(.bss) for ControlMessage
    myconfig.o(.text) refers to stepmotor_dir.o(.data) for ZeroDirction
    myconfig.o(.text) refers to modbus_app.o(.data) for ModBusFlagSem
    myconfig.o(.text) refers to myconfig.o(.ARM.__AT_0x10005500) for RUN_TASK_STK
    myconfig.o(.text) refers to led_app.o(.text) for RUN_Task
    myconfig.o(.text) refers to myconfig.o(.ARM.__AT_0x10005D00) for CAN2_TASK_STK
    myconfig.o(.text) refers to can_app.o(.text) for CAN2_Task
    myconfig.o(.text) refers to myconfig.o(.ARM.__AT_0x10006500) for CAN2ACK_TASK_STK
    myconfig.o(.text) refers to myconfig.o(.ARM.__AT_0x10006D00) for CAN2ACT_TASK_STK
    myconfig.o(.text) refers to myconfig.o(.ARM.__AT_0x10007D00) for CAN2Send_TASK_STK
    myconfig.o(.text) refers to rt_memcpy_w.o(.text) for __aeabi_memcpy4
    myconfig.o(.text) refers to myconfig.o(.ARM.__AT_0x10007500) for LED_TASK_STK
    myconfig.o(.text) refers to myconfig.o(.ARM.__AT_0x10008500) for FINDZERO_TASK_STK
    myconfig.o(.text) refers to trackmission_app.o(.text) for TransFindZero_Task
    myconfig.o(.text) refers to myconfig.o(.ARM.__AT_0x10009500) for HEARTBEAT_TASK_STK
    myconfig.o(.text) refers to timer_app.o(.text) for HEARBEAT_TASK
    myconfig.o(.text) refers to myconfig.o(.ARM.__AT_0x10009D00) for MODBUS_TASK_STK
    myconfig.o(.text) refers to modbus_app.o(.text) for MODBUS_Task
    myconfig.o(.text) refers to myconfig.o(.ARM.__AT_0x1000A500) for STATE_TASK_STK
    myconfig.o(.text) refers to state_app.o(.text) for STATE_Task
    myconfig.o(.text) refers to myconfig.o(.ARM.__AT_0x10008D00) for TRANSPERMI_TASK_STK
    myconfig.o(.text) refers to trackmission_dri.o(.data) for g_CarApplyChangedata
    system_stm32f4xx.o(.text) refers to system_stm32f4xx.o(.data) for SystemCoreClock
    transitionfunction.o(.text) refers to os_cpu_a.o(.text) for OS_CPU_SR_Save
    transitionfunction.o(.text) refers to malloc.o(.text) for mymalloc
    transitionfunction.o(.text) refers to rt_memcpy_w.o(.text) for __aeabi_memcpy4
    transitionfunction.o(.text) refers to can_dri.o(.text) for CAN2_Single_Send
    transitionfunction.o(.text) refers to stm32f4xx_gpio.o(.text) for GPIO_ResetBits
    transitionfunction.o(.text) refers to rt_memclr_w.o(.text) for __aeabi_memclr4
    transitionfunction.o(.text) refers to globaldata.o(.data) for TransStatistics
    transitionfunction.o(.text) refers to globaldata.o(.bss) for TrackCount
    transitionfunction.o(.text) refers to stepmotor_dir.o(.text) for StepMotor_Run
    transitionfunction.o(.text) refers to os_sem.o(.text) for OSSemPend
    transitionfunction.o(.text) refers to trackmission_dri.o(.text) for Apply_Change_Mission
    transitionfunction.o(.text) refers to os_time.o(.text) for OSTimeDlyHMSM
[...]
    CAN_RTRframe_Send                        0x08004145   Thumb Code   244  can_dri.o(.text)
    CAN_DataDeal                             0x08004239   Thumb Code   604  can_dri.o(.text)
    CAN_Fill_Msg                             0x08004495   Thumb Code    20  can_dri.o(.text)
    CAN_Send_Frame_App                       0x080044a9   Thumb Code   306  can_dri.o(.text)
    Get_CAN_ExId                             0x080045db   Thumb Code    16  can_dri.o(.text)
    CAN_Act_DataDeal                         0x080045eb   Thumb Code   242  can_dri.o(.text)
    ACKSendFram                              0x080046dd   Thumb Code   146  can_dri.o(.text)
    CAN_Ack_DataDeal                         0x0800476f   Thumb Code   138  can_dri.o(.text)
    CAN1_RX0_IRQHandler                      0x080047f9   Thumb Code   118  can_dri.o(.text)
    CAN2_RX0_IRQHandler                      0x0800486f   Thumb Code   102  can_dri.o(.text)
    CAN1_TX_IRQHandler                       0x080048d5   Thumb Code    60  can_dri.o(.text)
    CAN2_TX_IRQHandler                       0x08004911   Thumb Code    70  can_dri.o(.text)
    CAN_Err_Statistic                        0x08004957   Thumb Code     2  can_dri.o(.text)
    Load_CAN_Threshold                       0x08004959   Thumb Code    34  can_dri.o(.text)
    CAN_Fill_Data                            0x0800497b   Thumb Code    26  can_dri.o(.text)
    CAN1_HeartBeat_Task                      0x08004995   Thumb Code     2  can_dri.o(.text)
    CAN2_HeartBeat_Task                      0x08004997   Thumb Code     2  can_dri.o(.text)
    CAN_Post_Queue                           0x08004999   Thumb Code   112  can_dri.o(.text)
    CAN1_Send_Frame                          0x08004a09   Thumb Code   110  can_dri.o(.text)
    CAN2_Send_Frame                          0x08004a77   Thumb Code   112  can_dri.o(.text)
    CAN_FramID_Change                        0x08004ae7   Thumb Code    50  can_dri.o(.text)
    CAN2_Single_Send                         0x08004b19   Thumb Code   194  can_dri.o(.text)
    Beep_Init                                0x08004be5   Thumb Code    60  beep_dri.o(.text)
    Beep_Chirp                               0x08004c21   Thumb Code   130  beep_dri.o(.text)
    Led_Init                                 0x08004cb5   Thumb Code   116  led_dri.o(.text)
    Led_Clear                                0x08004d29   Thumb Code    90  led_dri.o(.text)
    Led_Blink_Mode                           0x08004d83   Thumb Code   562  led_dri.o(.text)
    Led_Blink_Times                          0x08004fb5   Thumb Code   186  led_dri.o(.text)
    SPI1_ReadWriteByte                       0x0800507d   Thumb Code    50  w25qxx_dir.o(.text)
    SPI1_Init                                0x080050af   Thumb Code   186  w25qxx_dir.o(.text)
    SPI1_SetSpeed                            0x08005169   Thumb Code    36  w25qxx_dir.o(.text)
    SPI2_ReadWriteByte                       0x0800518d   Thumb Code    50  w25qxx_dir.o(.text)
    SPI2_Init                                0x080051bf   Thumb Code   188  w25qxx_dir.o(.text)
    SPI2_SetSpeed                            0x0800527b   Thumb Code    36  w25qxx_dir.o(.text)
    W25QXX_ReadID                            0x0800529f   Thumb Code    64  w25qxx_dir.o(.text)
    W25QXX_Init                              0x080052df   Thumb Code   102  w25qxx_dir.o(.text)
    W25QXX_ReadSR                            0x08005345   Thumb Code    36  w25qxx_dir.o(.text)
    W25QXX_Write_SR                          0x08005369   Thumb Code    32  w25qxx_dir.o(.text)
    W25QXX_Write_Enable                      0x08005389   Thumb Code    24  w25qxx_dir.o(.text)
    W25QXX_Write_Disable                     0x080053a1   Thumb Code    24  w25qxx_dir.o(.text)
    W25QXX_Read                              0x080053b9   Thumb Code    74  w25qxx_dir.o(.text)
    W25QXX_Wait_Busy                         0x08005403   Thumb Code    18  w25qxx_dir.o(.text)
    W25QXX_Write_Page                        0x08005415   Thumb Code   108  w25qxx_dir.o(.text)
    W25QXX_Write_NoCheck                     0x08005481   Thumb Code    70  w25qxx_dir.o(.text)
    W25QXX_Erase_Sector                      0x080054c7   Thumb Code    62  w25qxx_dir.o(.text)
    W25QXX_Write                             0x08005505   Thumb Code   180  w25qxx_dir.o(.text)
    W25QXX_Erase_Chip                        0x080055b9   Thumb Code    36  w25qxx_dir.o(.text)
    W25QXX_PowerDown                         0x080055dd   Thumb Code    30  w25qxx_dir.o(.text)
    W25QXX_WAKEUP                            0x080055fb   Thumb Code    30  w25qxx_dir.o(.text)
    CRC16                                    0x08005619   Thumb Code    62  w25qxx_dir.o(.text)
    mymemcpy                                 0x08005665   Thumb Code    26  malloc.o(.text)
    mymemset                                 0x0800567f   Thumb Code    20  malloc.o(.text)
    my_mem_init                              0x08005693   Thumb Code    54  malloc.o(.text)
    my_mem_perused                           0x080056c9   Thumb Code    54  malloc.o(.text)
    my_mem_malloc                            0x080056ff   Thumb Code   154  malloc.o(.text)
    my_mem_free                              0x08005799   Thumb Code    94  malloc.o(.text)
    myfree                                   0x080057f7   Thumb Code    32  malloc.o(.text)
    mymalloc                                 0x08005817   Thumb Code    36  malloc.o(.text)
    myrealloc                                0x0800583b   Thumb Code    68  malloc.o(.text)
    Uart_HardwareInit                        0x08005891   Thumb Code   382  uart_drv.o(.text)
    Uart_SendByte                            0x08005a0f   Thumb Code    84  uart_drv.o(.text)
    Uart_ReceiveByte                         0x08005a63   Thumb Code    50  uart_drv.o(.text)
    USART3_IRQHandler                        0x08005a95   Thumb Code   116  uart_drv.o(.text)
    UART4_IRQHandler                         0x08005b09   Thumb Code    20  uart_drv.o(.text)
    Timer2_Init                              0x08005b35   Thumb Code    98  timer_dri.o(.text)
    TIM2_IRQHandler                          0x08005b97   Thumb Code    86  timer_dri.o(.text)
    crc16                                    0x08005bf5   Thumb Code    48  crc.o(.text)
    Mosbus_Init                              0x08005c2d   Thumb Code    40  modbus.o(.text)
    Modbud_fun3                              0x08005c55   Thumb Code   258  modbus.o(.text)
    Modbud_fun6                              0x08005d57   Thumb Code   242  modbus.o(.text)
    Mosbus_Event                             0x08005e49   Thumb Code   148  modbus.o(.text)
    delay_osschedlock                        0x08005eed   Thumb Code     8  delay.o(.text)
    delay_osschedunlock                      0x08005ef5   Thumb Code     8  delay.o(.text)
    delay_ostimedly                          0x08005efd   Thumb Code    12  delay.o(.text)
    SysTick_Handler                          0x08005f09   Thumb Code    24  delay.o(.text)
    delay_init                               0x08005f21   Thumb Code    76  delay.o(.text)
    delay_us                                 0x08005f6d   Thumb Code    84  delay.o(.text)
    delay_ms                                 0x08005fc1   Thumb Code    66  delay.o(.text)
    _sys_exit                                0x08006015   Thumb Code     4  usart.o(.text)
    fputc                                    0x08006019   Thumb Code    24  usart.o(.text)
    uart_init                                0x08006031   Thumb Code   166  usart.o(.text)
    USART1_IRQHandler                        0x080060d7   Thumb Code   130  usart.o(.text)
    Reset_Handler                            0x0800616d   Thumb Code     8  startup_stm32f40_41xxx.o(.text)
    ADC_IRQHandler                           0x08006187   Thumb Code     0  startup_stm32f40_41xxx.o(.text)
    CAN1_RX1_IRQHandler                      0x08006187   Thumb Code     0  startup_stm32f40_41xxx.o(.text)
    CAN1_SCE_IRQHandler                      0x08006187   Thumb Code     0  startup_stm32f40_41xxx.o(.text)
    CAN2_RX1_IRQHandler                      0x08006187   Thumb Code     0  startup_stm32f40_41xxx.o(.text)
    CAN2_SCE_IRQHandler                      0x08006187   Thumb Code     0  startup_stm32f40_41xxx.o(.text)
    CRYP_IRQHandler                          0x08006187   Thumb Code     0  startup_stm32f40_41xxx.o(.text)
    DCMI_IRQHandler                          0x08006187   Thumb Code     0  startup_stm32f40_41xxx.o(.text)
    DMA1_Stream0_IRQHandler                  0x08006187   Thumb Code     0  startup_stm32f40_41xxx.o(.text)
    DMA1_Stream1_IRQHandler                  0x08006187   Thumb Code     0  startup_stm32f40_41xxx.o(.text)
    DMA1_Stream2_IRQHandler                  0x08006187   Thumb Code     0  startup_stm32f40_41xxx.o(.text)
    DMA1_Stream3_IRQHandler                  0x08006187   Thumb Code     0  startup_stm32f40_41xxx.o(.text)
    DMA1_Stream4_IRQHandler                  0x08006187   Thumb Code     0  startup_stm32f40_41xxx.o(.text)
    DMA1_Stream5_IRQHandler                  0x08006187   Thumb Code     0  startup_stm32f40_41xxx.o(.text)
    DMA1_Stream6_IRQHandler                  0x08006187   Thumb Code     0  startup_stm32f40_41xxx.o(.text)
    DMA1_Stream7_IRQHandler                  0x08006187   Thumb Code     0  startup_stm32f40_41xxx.o(.text)
    DMA2_Stream0_IRQHandler                  0x08006187   Thumb Code     0  startup_stm32f40_41xxx.o(.text)
    DMA2_Stream1_IRQHandler                  0x08006187   Thumb Code     0  startup_stm32f40_41xxx.o(.text)
    DMA2_Stream2_IRQHandler                  0x08006187   Thumb Code     0  startup_stm32f40_41xxx.o(.text)
    DMA2_Stream3_IRQHandler                  0x08006187   Thumb Code     0  startup_stm32f40_41xxx.o(.text)
    DMA2_Stream4_IRQHandler                  0x08006187   Thumb Code     0  startup_stm32f40_41xxx.o(.text)
    DMA2_Stream5_IRQHandler                  0x08006187   Thumb Code     0  startup_stm32f40_41xxx.o(.text)
    DMA2_Stream6_IRQHandler                  0x08006187   Thumb Code     0  startup_stm32f40_41xxx.o(.text)
    DMA2_Stream7_IRQHandler                  0x08006187   Thumb Code     0  startup_stm32f40_41xxx.o(.text)
    ETH_IRQHandler                           0x08006187   Thumb Code     0  startup_stm32f40_41xxx.o(.text)
    ETH_WKUP_IRQHandler                      0x08006187   Thumb Code     0  startup_stm32f40_41xxx.o(.text)
    EXTI0_IRQHandler                         0x08006187   Thumb Code     0  startup_stm32f40_41xxx.o(.text)
    EXTI15_10_IRQHandler                     0x08006187   Thumb Code     0  startup_stm32f40_41xxx.o(.text)
    EXTI1_IRQHandler                         0x08006187   Thumb Code     0  startup_stm32f40_41xxx.o(.text)
    EXTI2_IRQHandler                         0x08006187   Thumb Code     0  startup_stm32f40_41xxx.o(.text)
    EXTI3_IRQHandler                         0x08006187   Thumb Code     0  startup_stm32f40_41xxx.o(.text)
    EXTI4_IRQHandler                         0x08006187   Thumb Code     0  startup_stm32f40_41xxx.o(.text)
    EXTI9_5_IRQHandler                       0x08006187   Thumb Code     0  startup_stm32f40_41xxx.o(.text)
    FLASH_IRQHandler                         0x08006187   Thumb Code     0  startup_stm32f40_41xxx.o(.text)
    FPU_IRQHandler                           0x08006187   Thumb Code     0  startup_stm32f40_41xxx.o(.text)
    FSMC_IRQHandler                          0x08006187   Thumb Code     0  startup_stm32f40_41xxx.o(.text)
    HASH_RNG_IRQHandler                      0x08006187   Thumb Code     0  startup_stm32f40_41xxx.o(.text)
    I2C1_ER_IRQHandler                       0x08006187   Thumb Code     0  startup_stm32f40_41xxx.o(.text)
    I2C1_EV_IRQHandler                       0x08006187   Thumb Code     0  startup_stm32f40_41xxx.o(.text)
    I2C2_ER_IRQHandler                       0x08006187   Thumb Code     0  startup_stm32f40_41xxx.o(.text)
    I2C2_EV_IRQHandler                       0x08006187   Thumb Code     0  startup_stm32f40_41xxx.o(.text)
    I2C3_ER_IRQHandler                       0x08006187   Thumb Code     0  startup_stm32f40_41xxx.o(.text)
    I2C3_EV_IRQHandler                       0x08006187   Thumb Code     0  startup_stm32f40_41xxx.o(.text)
    OTG_FS_IRQHandler                        0x08006187   Thumb Code     0  startup_stm32f40_41xxx.o(.text)
    OTG_FS_WKUP_IRQHandler                   0x08006187   Thumb Code     0  startup_stm32f40_41xxx.o(.text)
    OTG_HS_EP1_IN_IRQHandler                 0x08006187   Thumb Code     0  startup_stm32f40_41xxx.o(.text)
    OTG_HS_EP1_OUT_IRQHandler                0x08006187   Thumb Code     0  startup_stm32f40_41xxx.o(.text)
    OTG_HS_IRQHandler                        0x08006187   Thumb Code     0  startup_stm32f40_41xxx.o(.text)
    OTG_HS_WKUP_IRQHandler                   0x08006187   Thumb Code     0  startup_stm32f40_41xxx.o(.text)
    PVD_IRQHandler                           0x08006187   Thumb Code     0  startup_stm32f40_41xxx.o(.text)
    RCC_IRQHandler                           0x08006187   Thumb Code     0  startup_stm32f40_41xxx.o(.text)
    RTC_Alarm_IRQHandler                     0x08006187   Thumb Code     0  startup_stm32f40_41xxx.o(.text)
    RTC_WKUP_IRQHandler                      0x08006187   Thumb Code     0  startup_stm32f40_41xxx.o(.text)
    SDIO_IRQHandler                          0x08006187   Thumb Code     0  startup_stm32f40_41xxx.o(.text)
    SPI1_IRQHandler                          0x08006187   Thumb Code     0  startup_stm32f40_41xxx.o(.text)
    SPI2_IRQHandler                          0x08006187   Thumb Code     0  startup_stm32f40_41xxx.o(.text)
    SPI3_IRQHandler                          0x08006187   Thumb Code     0  startup_stm32f40_41xxx.o(.text)
    TAMP_STAMP_IRQHandler                    0x08006187   Thumb Code     0  startup_stm32f40_41xxx.o(.text)
    TIM1_CC_IRQHandler                       0x08006187   Thumb Code     0  startup_stm32f40_41xxx.o(.text)
    TIM1_TRG_COM_TIM11_IRQHandler            0x08006187   Thumb Code     0  startup_stm32f40_41xxx.o(.text)
    TIM4_IRQHandler                          0x08006187   Thumb Code     0  startup_stm32f40_41xxx.o(.text)
    TIM5_IRQHandler                          0x08006187   Thumb Code     0  startup_stm32f40_41xxx.o(.text)
    TIM7_IRQHandler                          0x08006187   Thumb Code     0  startup_stm32f40_41xxx.o(.text)
    TIM8_BRK_TIM12_IRQHandler                0x08006187   Thumb Code     0  startup_stm32f40_41xxx.o(.text)
    TIM8_CC_IRQHandler                       0x08006187   Thumb Code     0  startup_stm32f40_41xxx.o(.text)
    TIM8_TRG_COM_TIM14_IRQHandler            0x08006187   Thumb Code     0  startup_stm32f40_41xxx.o(.text)
    TIM8_UP_TIM13_IRQHandler                 0x08006187   Thumb Code     0  startup_stm32f40_41xxx.o(.text)
    UART5_IRQHandler                         0x08006187   Thumb Code     0  startup_stm32f40_41xxx.o(.text)
    USART2_IRQHandler                        0x08006187   Thumb Code     0  startup_stm32f40_41xxx.o(.text)
    USART6_IRQHandler                        0x08006187   Thumb Code     0  startup_stm32f40_41xxx.o(.text)
    WWDG_IRQHandler                          0x08006187   Thumb Code     0  startup_stm32f40_41xxx.o(.text)
    __user_initial_stackheap                 0x08006189   Thumb Code     0  startup_stm32f40_41xxx.o(.text)
    NVIC_PriorityGroupConfig                 0x080061ad   Thumb Code    10  misc.o(.text)
    NVIC_Init                                0x080061b7   Thumb Code   106  misc.o(.text)
    NVIC_SetVectorTable                      0x08006221   Thumb Code    14  misc.o(.text)
    NVIC_SystemLPConfig                      0x0800622f   Thumb Code    34  misc.o(.text)
    SysTick_CLKSourceConfig                  0x08006251   Thumb Code    40  misc.o(.text)
    GPIO_DeInit                              0x0800628d   Thumb Code   268  stm32f4xx_gpio.o(.text)
    GPIO_Init                                0x08006399   Thumb Code   144  stm32f4xx_gpio.o(.text)
    GPIO_StructInit                          0x08006429   Thumb Code    18  stm32f4xx_gpio.o(.text)
    GPIO_PinLockConfig                       0x0800643b   Thumb Code    34  stm32f4xx_gpio.o(.text)
    GPIO_ReadInputDataBit                    0x0800645d   Thumb Code    18  stm32f4xx_gpio.o(.text)
    GPIO_ReadInputData                       0x0800646f   Thumb Code     8  stm32f4xx_gpio.o(.text)
    GPIO_ReadOutputDataBit                   0x08006477   Thumb Code    18  stm32f4xx_gpio.o(.text)
    GPIO_ReadOutputData                      0x08006489   Thumb Code     8  stm32f4xx_gpio.o(.text)
    GPIO_SetBits                             0x08006491   Thumb Code     4  stm32f4xx_gpio.o(.text)
    GPIO_ResetBits                           0x08006495   Thumb Code     4  stm32f4xx_gpio.o(.text)
    GPIO_WriteBit                            0x08006499   Thumb Code    10  stm32f4xx_gpio.o(.text)
    GPIO_Write                               0x080064a3   Thumb Code     4  stm32f4xx_gpio.o(.text)
    GPIO_ToggleBits                          0x080064a7   Thumb Code     8  stm32f4xx_gpio.o(.text)
    GPIO_PinAFConfig                         0x080064af   Thumb Code    70  stm32f4xx_gpio.o(.text)
    RCC_DeInit                               0x08006521   Thumb Code    82  stm32f4xx_rcc.o(.text)
    RCC_HSEConfig                            0x08006573   Thumb Code    14  stm32f4xx_rcc.o(.text)
    RCC_GetFlagStatus                        0x08006581   Thumb Code    60  stm32f4xx_rcc.o(.text)
    RCC_WaitForHSEStartUp                    0x080065bd   Thumb Code    56  stm32f4xx_rcc.o(.text)
    RCC_AdjustHSICalibrationValue            0x080065f5   Thumb Code    20  stm32f4xx_rcc.o(.text)
    RCC_HSICmd                               0x08006609   Thumb Code     6  stm32f4xx_rcc.o(.text)
    RCC_LSEConfig                            0x0800660f   Thumb Code    46  stm32f4xx_rcc.o(.text)
    RCC_LSICmd                               0x0800663d   Thumb Code     6  stm32f4xx_rcc.o(.text)
    RCC_PLLConfig                            0x08006643   Thumb Code    32  stm32f4xx_rcc.o(.text)
    RCC_PLLCmd                               0x08006663   Thumb Code     6  stm32f4xx_rcc.o(.text)
    RCC_PLLI2SConfig                         0x08006669   Thumb Code    14  stm32f4xx_rcc.o(.text)
    RCC_PLLI2SCmd                            0x08006677   Thumb Code     6  stm32f4xx_rcc.o(.text)
    RCC_PLLSAIConfig                         0x0800667d   Thumb Code    20  stm32f4xx_rcc.o(.text)
    RCC_PLLSAICmd                            0x08006691   Thumb Code     6  stm32f4xx_rcc.o(.text)
    RCC_ClockSecuritySystemCmd               0x08006697   Thumb Code     6  stm32f4xx_rcc.o(.text)
    RCC_MCO1Config                           0x0800669d   Thumb Code    28  stm32f4xx_rcc.o(.text)
    RCC_MCO2Config                           0x080066b9   Thumb Code    28  stm32f4xx_rcc.o(.text)
    RCC_SYSCLKConfig                         0x080066d5   Thumb Code    20  stm32f4xx_rcc.o(.text)
    RCC_GetSYSCLKSource                      0x080066e9   Thumb Code    12  stm32f4xx_rcc.o(.text)
    RCC_HCLKConfig                           0x080066f5   Thumb Code    20  stm32f4xx_rcc.o(.text)
    RCC_PCLK1Config                          0x08006709   Thumb Code    20  stm32f4xx_rcc.o(.text)
    RCC_PCLK2Config                          0x0800671d   Thumb Code    22  stm32f4xx_rcc.o(.text)
    RCC_GetClocksFreq                        0x08006733   Thumb Code   222  stm32f4xx_rcc.o(.text)
    RCC_RTCCLKConfig                         0x08006811   Thumb Code    54  stm32f4xx_rcc.o(.text)
    RCC_RTCCLKCmd                            0x08006847   Thumb Code     8  stm32f4xx_rcc.o(.text)
    RCC_BackupResetCmd                       0x0800684f   Thumb Code     8  stm32f4xx_rcc.o(.text)
    RCC_I2SCLKConfig                         0x08006857   Thumb Code     6  stm32f4xx_rcc.o(.text)
    RCC_SAIPLLI2SClkDivConfig                0x0800685d   Thumb Code    26  stm32f4xx_rcc.o(.text)
    RCC_SAIPLLSAIClkDivConfig                0x08006877   Thumb Code    28  stm32f4xx_rcc.o(.text)
    RCC_SAIBlockACLKConfig                   0x08006893   Thumb Code    20  stm32f4xx_rcc.o(.text)
    RCC_SAIBlockBCLKConfig                   0x080068a7   Thumb Code    20  stm32f4xx_rcc.o(.text)
    RCC_LTDCCLKDivConfig                     0x080068bb   Thumb Code    20  stm32f4xx_rcc.o(.text)
    RCC_TIMCLKPresConfig                     0x080068cf   Thumb Code     6  stm32f4xx_rcc.o(.text)
    RCC_AHB1PeriphClockCmd                   0x080068d5   Thumb Code    34  stm32f4xx_rcc.o(.text)
    RCC_AHB2PeriphClockCmd                   0x080068f7   Thumb Code    78  stm32f4xx_rcc.o(.text)
    RCC_AHB3PeriphClockCmd                   0x08006945   Thumb Code    34  stm32f4xx_rcc.o(.text)
    RCC_APB1PeriphClockCmd                   0x08006967   Thumb Code    34  stm32f4xx_rcc.o(.text)
    RCC_APB2PeriphClockCmd                   0x08006989   Thumb Code    34  stm32f4xx_rcc.o(.text)
    RCC_AHB1PeriphResetCmd                   0x080069ab   Thumb Code    34  stm32f4xx_rcc.o(.text)
    RCC_AHB2PeriphResetCmd                   0x080069cd   Thumb Code    34  stm32f4xx_rcc.o(.text)
    RCC_AHB3PeriphResetCmd                   0x080069ef   Thumb Code    34  stm32f4xx_rcc.o(.text)
    RCC_APB1PeriphResetCmd                   0x08006a11   Thumb Code    34  stm32f4xx_rcc.o(.text)
    RCC_APB2PeriphResetCmd                   0x08006a33   Thumb Code    34  stm32f4xx_rcc.o(.text)
    RCC_AHB1PeriphClockLPModeCmd             0x08006a55   Thumb Code    34  stm32f4xx_rcc.o(.text)
    RCC_AHB2PeriphClockLPModeCmd             0x08006a77   Thumb Code    34  stm32f4xx_rcc.o(.text)
    RCC_AHB3PeriphClockLPModeCmd             0x08006a99   Thumb Code    34  stm32f4xx_rcc.o(.text)
    RCC_APB1PeriphClockLPModeCmd             0x08006abb   Thumb Code    34  stm32f4xx_rcc.o(.text)
    RCC_APB2PeriphClockLPModeCmd             0x08006add   Thumb Code    34  stm32f4xx_rcc.o(.text)
    RCC_LSEModeConfig                        0x08006aff   Thumb Code    40  stm32f4xx_rcc.o(.text)
    RCC_ITConfig                             0x08006b27   Thumb Code    34  stm32f4xx_rcc.o(.text)
    RCC_ClearFlag                            0x08006b49   Thumb Code    18  stm32f4xx_rcc.o(.text)
    RCC_GetITStatus                          0x08006b5b   Thumb Code    22  stm32f4xx_rcc.o(.text)
    RCC_ClearITPendingBit                    0x08006b71   Thumb Code     8  stm32f4xx_rcc.o(.text)
    USART_DeInit                             0x08006b7d   Thumb Code   206  stm32f4xx_usart.o(.text)
    USART_Init                               0x08006c4b   Thumb Code   204  stm32f4xx_usart.o(.text)
    USART_StructInit                         0x08006d17   Thumb Code    24  stm32f4xx_usart.o(.text)
    USART_ClockInit                          0x08006d2f   Thumb Code    32  stm32f4xx_usart.o(.text)
    USART_ClockStructInit                    0x08006d4f   Thumb Code    12  stm32f4xx_usart.o(.text)
    USART_Cmd                                0x08006d5b   Thumb Code    24  stm32f4xx_usart.o(.text)
    USART_SetPrescaler                       0x08006d73   Thumb Code    16  stm32f4xx_usart.o(.text)
    USART_OverSampling8Cmd                   0x08006d83   Thumb Code    22  stm32f4xx_usart.o(.text)
    USART_OneBitMethodCmd                    0x08006d99   Thumb Code    24  stm32f4xx_usart.o(.text)
    USART_SendData                           0x08006db1   Thumb Code     8  stm32f4xx_usart.o(.text)
    USART_ReceiveData                        0x08006db9   Thumb Code    10  stm32f4xx_usart.o(.text)
    USART_SetAddress                         0x08006dc3   Thumb Code    18  stm32f4xx_usart.o(.text)
    USART_ReceiverWakeUpCmd                  0x08006dd5   Thumb Code    24  stm32f4xx_usart.o(.text)
    USART_WakeUpConfig                       0x08006ded   Thumb Code    18  stm32f4xx_usart.o(.text)
    USART_LINBreakDetectLengthConfig         0x08006dff   Thumb Code    18  stm32f4xx_usart.o(.text)
    USART_LINCmd                             0x08006e11   Thumb Code    24  stm32f4xx_usart.o(.text)
    USART_SendBreak                          0x08006e29   Thumb Code    10  stm32f4xx_usart.o(.text)
    USART_HalfDuplexCmd                      0x08006e33   Thumb Code    24  stm32f4xx_usart.o(.text)
    USART_SetGuardTime                       0x08006e4b   Thumb Code    16  stm32f4xx_usart.o(.text)
    USART_SmartCardCmd                       0x08006e5b   Thumb Code    24  stm32f4xx_usart.o(.text)
    USART_SmartCardNACKCmd                   0x08006e73   Thumb Code    24  stm32f4xx_usart.o(.text)
    USART_IrDAConfig                         0x08006e8b   Thumb Code    18  stm32f4xx_usart.o(.text)
    USART_IrDACmd                            0x08006e9d   Thumb Code    24  stm32f4xx_usart.o(.text)
    USART_DMACmd                             0x08006eb5   Thumb Code    18  stm32f4xx_usart.o(.text)
    USART_ITConfig                           0x08006ec7   Thumb Code    74  stm32f4xx_usart.o(.text)
    USART_GetFlagStatus                      0x08006f11   Thumb Code    26  stm32f4xx_usart.o(.text)
    USART_ClearFlag                          0x08006f2b   Thumb Code    18  stm32f4xx_usart.o(.text)
    USART_GetITStatus                        0x08006f3d   Thumb Code   118  stm32f4xx_usart.o(.text)
    USART_ClearITPendingBit                  0x08006fb3   Thumb Code    30  stm32f4xx_usart.o(.text)
    CAN_DeInit                               0x08006fd1   Thumb Code    50  stm32f4xx_can.o(.text)
    CAN_Init                                 0x08007003   Thumb Code   276  stm32f4xx_can.o(.text)
    CAN_FilterInit                           0x08007117   Thumb Code   226  stm32f4xx_can.o(.text)
    CAN_StructInit                           0x080071f9   Thumb Code    32  stm32f4xx_can.o(.text)
    CAN_SlaveStartBank                       0x08007219   Thumb Code    48  stm32f4xx_can.o(.text)
    CAN_DBGFreeze                            0x08007249   Thumb Code    22  stm32f4xx_can.o(.text)
    CAN_TTComModeCmd                         0x0800725f   Thumb Code   118  stm32f4xx_can.o(.text)
    CAN_Transmit                             0x080072d5   Thumb Code   274  stm32f4xx_can.o(.text)
    CAN_TransmitStatus                       0x080073e7   Thumb Code   138  stm32f4xx_can.o(.text)
    CAN_CancelTransmit                       0x08007471   Thumb Code    48  stm32f4xx_can.o(.text)
    CAN_Receive                              0x080074a1   Thumb Code   240  stm32f4xx_can.o(.text)
    CAN_FIFORelease                          0x08007591   Thumb Code    22  stm32f4xx_can.o(.text)
    CAN_MessagePending                       0x080075a7   Thumb Code    30  stm32f4xx_can.o(.text)
    CAN_OperatingModeRequest                 0x080075c5   Thumb Code   162  stm32f4xx_can.o(.text)
    CAN_Sleep                                0x08007667   Thumb Code    30  stm32f4xx_can.o(.text)
    CAN_WakeUp                               0x08007685   Thumb Code    48  stm32f4xx_can.o(.text)
    CAN_GetLastErrorCode                     0x080076b5   Thumb Code    12  stm32f4xx_can.o(.text)
    CAN_GetReceiveErrorCounter               0x080076c1   Thumb Code    10  stm32f4xx_can.o(.text)
    CAN_GetLSBTransmitErrorCounter           0x080076cb   Thumb Code    12  stm32f4xx_can.o(.text)
    CAN_ITConfig                             0x080076d7   Thumb Code    18  stm32f4xx_can.o(.text)
    CAN_GetFlagStatus                        0x080076e9   Thumb Code   120  stm32f4xx_can.o(.text)
    CAN_ClearFlag                            0x08007761   Thumb Code    52  stm32f4xx_can.o(.text)
    CAN_GetITStatus                          0x080077a7   Thumb Code   308  stm32f4xx_can.o(.text)
    CAN_ClearITPendingBit                    0x080078db   Thumb Code   162  stm32f4xx_can.o(.text)
    TIM_DeInit                               0x08007981   Thumb Code   346  stm32f4xx_tim.o(.text)
    TIM_TimeBaseInit                         0x08007adb   Thumb Code   104  stm32f4xx_tim.o(.text)
    TIM_TimeBaseStructInit                   0x08007b43   Thumb Code    18  stm32f4xx_tim.o(.text)
    TIM_PrescalerConfig                      0x08007b55   Thumb Code     6  stm32f4xx_tim.o(.text)
    TIM_CounterModeConfig                    0x08007b5b   Thumb Code    18  stm32f4xx_tim.o(.text)
    TIM_SetCounter                           0x08007b6d   Thumb Code     4  stm32f4xx_tim.o(.text)
    TIM_SetAutoreload                        0x08007b71   Thumb Code     4  stm32f4xx_tim.o(.text)
    TIM_GetCounter                           0x08007b75   Thumb Code     6  stm32f4xx_tim.o(.text)
    TIM_GetPrescaler                         0x08007b7b   Thumb Code     6  stm32f4xx_tim.o(.text)
    TIM_UpdateDisableConfig                  0x08007b81   Thumb Code    24  stm32f4xx_tim.o(.text)
    TIM_UpdateRequestConfig                  0x08007b99   Thumb Code    24  stm32f4xx_tim.o(.text)
    TIM_ARRPreloadConfig                     0x08007bb1   Thumb Code    24  stm32f4xx_tim.o(.text)
    TIM_SelectOnePulseMode                   0x08007bc9   Thumb Code    18  stm32f4xx_tim.o(.text)
    TIM_SetClockDivision                     0x08007bdb   Thumb Code    18  stm32f4xx_tim.o(.text)
    TIM_Cmd                                  0x08007bed   Thumb Code    24  stm32f4xx_tim.o(.text)
    TIM_OC1Init                              0x08007c05   Thumb Code   114  stm32f4xx_tim.o(.text)
    TIM_OC2Init                              0x08007c77   Thumb Code   154  stm32f4xx_tim.o(.text)
    TIM_OC3Init                              0x08007d11   Thumb Code   204  stm32f4xx_tim.o(.text)
    TIM_OC4Init                              0x08007ddd   Thumb Code   112  stm32f4xx_tim.o(.text)
    TIM_OCStructInit                         0x08007e4d   Thumb Code    20  stm32f4xx_tim.o(.text)
    TIM_SelectOCxM                           0x08007e61   Thumb Code    86  stm32f4xx_tim.o(.text)
    TIM_SetCompare1                          0x08007eb7   Thumb Code     4  stm32f4xx_tim.o(.text)
    TIM_SetCompare2                          0x08007ebb   Thumb Code     4  stm32f4xx_tim.o(.text)
    TIM_SetCompare3                          0x08007ebf   Thumb Code     4  stm32f4xx_tim.o(.text)
    TIM_SetCompare4                          0x08007ec3   Thumb Code     4  stm32f4xx_tim.o(.text)
    TIM_ForcedOC1Config                      0x08007ec7   Thumb Code    18  stm32f4xx_tim.o(.text)
    TIM_ForcedOC2Config                      0x08007ed9   Thumb Code    26  stm32f4xx_tim.o(.text)
    TIM_ForcedOC3Config                      0x08007ef3   Thumb Code    18  stm32f4xx_tim.o(.text)
    TIM_ForcedOC4Config                      0x08007f05   Thumb Code    26  stm32f4xx_tim.o(.text)
    TIM_OC1PreloadConfig                     0x08007f1f   Thumb Code    18  stm32f4xx_tim.o(.text)
    TIM_OC2PreloadConfig                     0x08007f31   Thumb Code    26  stm32f4xx_tim.o(.text)
    TIM_OC3PreloadConfig                     0x08007f4b   Thumb Code    18  stm32f4xx_tim.o(.text)
    TIM_OC4PreloadConfig                     0x08007f5d   Thumb Code    26  stm32f4xx_tim.o(.text)
    TIM_OC1FastConfig                        0x08007f77   Thumb Code    18  stm32f4xx_tim.o(.text)
    TIM_OC2FastConfig                        0x08007f89   Thumb Code    26  stm32f4xx_tim.o(.text)
    TIM_OC3FastConfig                        0x08007fa3   Thumb Code    18  stm32f4xx_tim.o(.text)
    TIM_OC4FastConfig                        0x08007fb5   Thumb Code    26  stm32f4xx_tim.o(.text)
    TIM_ClearOC1Ref                          0x08007fcf   Thumb Code    18  stm32f4xx_tim.o(.text)
    TIM_ClearOC2Ref                          0x08007fe1   Thumb Code    24  stm32f4xx_tim.o(.text)
    TIM_ClearOC3Ref                          0x08007ff9   Thumb Code    18  stm32f4xx_tim.o(.text)
    TIM_ClearOC4Ref                          0x0800800b   Thumb Code    24  stm32f4xx_tim.o(.text)
    TIM_OC1PolarityConfig                    0x08008023   Thumb Code    18  stm32f4xx_tim.o(.text)
    TIM_OC1NPolarityConfig                   0x08008035   Thumb Code    18  stm32f4xx_tim.o(.text)
    TIM_OC2PolarityConfig                    0x08008047   Thumb Code    26  stm32f4xx_tim.o(.text)
    TIM_OC2NPolarityConfig                   0x08008061   Thumb Code    26  stm32f4xx_tim.o(.text)
    TIM_OC3PolarityConfig                    0x0800807b   Thumb Code    26  stm32f4xx_tim.o(.text)
    TIM_OC3NPolarityConfig                   0x08008095   Thumb Code    26  stm32f4xx_tim.o(.text)
    TIM_OC4PolarityConfig                    0x080080af   Thumb Code    26  stm32f4xx_tim.o(.text)
    TIM_CCxCmd                               0x080080c9   Thumb Code    30  stm32f4xx_tim.o(.text)
    TIM_CCxNCmd                              0x080080e7   Thumb Code    30  stm32f4xx_tim.o(.text)
    TIM_SetIC4Prescaler                      0x08008105   Thumb Code    26  stm32f4xx_tim.o(.text)
    TIM_SetIC3Prescaler                      0x0800816f   Thumb Code    18  stm32f4xx_tim.o(.text)
    TIM_SetIC2Prescaler                      0x080081c9   Thumb Code    26  stm32f4xx_tim.o(.text)
    TIM_SetIC1Prescaler                      0x0800823d   Thumb Code    18  stm32f4xx_tim.o(.text)
    TIM_ICInit                               0x08008289   Thumb Code   110  stm32f4xx_tim.o(.text)
    TIM_ICStructInit                         0x080082f7   Thumb Code    18  stm32f4xx_tim.o(.text)
    TIM_PWMIConfig                           0x08008309   Thumb Code   124  stm32f4xx_tim.o(.text)
    TIM_GetCapture1                          0x08008385   Thumb Code     6  stm32f4xx_tim.o(.text)
    TIM_GetCapture2                          0x0800838b   Thumb Code     6  stm32f4xx_tim.o(.text)
    TIM_GetCapture3                          0x08008391   Thumb Code     6  stm32f4xx_tim.o(.text)
    TIM_GetCapture4                          0x08008397   Thumb Code     6  stm32f4xx_tim.o(.text)
    TIM_BDTRConfig                           0x0800839d   Thumb Code    32  stm32f4xx_tim.o(.text)
    TIM_BDTRStructInit                       0x080083bd   Thumb Code    18  stm32f4xx_tim.o(.text)
    TIM_CtrlPWMOutputs                       0x080083cf   Thumb Code    30  stm32f4xx_tim.o(.text)
    TIM_SelectCOM                            0x080083ed   Thumb Code    24  stm32f4xx_tim.o(.text)
    TIM_CCPreloadControl                     0x08008405   Thumb Code    24  stm32f4xx_tim.o(.text)
    TIM_ITConfig                             0x0800841d   Thumb Code    18  stm32f4xx_tim.o(.text)
    TIM_GenerateEvent                        0x0800842f   Thumb Code     4  stm32f4xx_tim.o(.text)
    TIM_GetFlagStatus                        0x08008433   Thumb Code    18  stm32f4xx_tim.o(.text)
    TIM_ClearFlag                            0x08008445   Thumb Code     6  stm32f4xx_tim.o(.text)
    TIM_GetITStatus                          0x0800844b   Thumb Code    34  stm32f4xx_tim.o(.text)
    TIM_ClearITPendingBit                    0x0800846d   Thumb Code     6  stm32f4xx_tim.o(.text)
    TIM_DMAConfig                            0x08008473   Thumb Code    10  stm32f4xx_tim.o(.text)
    TIM_DMACmd                               0x0800847d   Thumb Code    18  stm32f4xx_tim.o(.text)
    TIM_SelectCCDMA                          0x0800848f   Thumb Code    24  stm32f4xx_tim.o(.text)
    TIM_InternalClockConfig                  0x080084a7   Thumb Code    12  stm32f4xx_tim.o(.text)
    TIM_SelectInputTrigger                   0x080084b3   Thumb Code    18  stm32f4xx_tim.o(.text)
    TIM_ITRxExternalClockConfig              0x080084c5   Thumb Code    24  stm32f4xx_tim.o(.text)
    TIM_TIxExternalClockConfig               0x080084dd   Thumb Code    62  stm32f4xx_tim.o(.text)
    TIM_ETRConfig                            0x0800851b   Thumb Code    28  stm32f4xx_tim.o(.text)
    TIM_ETRClockMode1Config                  0x08008537   Thumb Code    54  stm32f4xx_tim.o(.text)
    TIM_ETRClockMode2Config                  0x0800856d   Thumb Code    32  stm32f4xx_tim.o(.text)
    TIM_SelectOutputTrigger                  0x0800858d   Thumb Code    18  stm32f4xx_tim.o(.text)
    TIM_SelectSlaveMode                      0x0800859f   Thumb Code    18  stm32f4xx_tim.o(.text)
    TIM_SelectMasterSlaveMode                0x080085b1   Thumb Code    18  stm32f4xx_tim.o(.text)
    TIM_EncoderInterfaceConfig               0x080085c3   Thumb Code    66  stm32f4xx_tim.o(.text)
    TIM_SelectHallSensor                     0x08008605   Thumb Code    24  stm32f4xx_tim.o(.text)
    TIM_RemapConfig                          0x0800861d   Thumb Code     6  stm32f4xx_tim.o(.text)
    SPI_I2S_DeInit                           0x08008625   Thumb Code   152  stm32f4xx_spi.o(.text)
    SPI_Init                                 0x080086bd   Thumb Code    60  stm32f4xx_spi.o(.text)
    I2S_Init                                 0x080086f9   Thumb Code   396  stm32f4xx_spi.o(.text)
    SPI_StructInit                           0x08008885   Thumb Code    24  stm32f4xx_spi.o(.text)
    I2S_StructInit                           0x0800889d   Thumb Code    20  stm32f4xx_spi.o(.text)
    SPI_Cmd                                  0x080088b1   Thumb Code    24  stm32f4xx_spi.o(.text)
    I2S_Cmd                                  0x080088c9   Thumb Code    24  stm32f4xx_spi.o(.text)
    SPI_DataSizeConfig                       0x080088e1   Thumb Code    18  stm32f4xx_spi.o(.text)
    SPI_BiDirectionalLineConfig              0x080088f3   Thumb Code    28  stm32f4xx_spi.o(.text)
    SPI_NSSInternalSoftwareConfig            0x0800890f   Thumb Code    30  stm32f4xx_spi.o(.text)
    SPI_SSOutputCmd                          0x0800892d   Thumb Code    24  stm32f4xx_spi.o(.text)
    SPI_TIModeCmd                            0x08008945   Thumb Code    24  stm32f4xx_spi.o(.text)
    I2S_FullDuplexConfig                     0x0800895d   Thumb Code    80  stm32f4xx_spi.o(.text)
    SPI_I2S_ReceiveData                      0x080089ad   Thumb Code     6  stm32f4xx_spi.o(.text)
    SPI_I2S_SendData                         0x080089b3   Thumb Code     4  stm32f4xx_spi.o(.text)
    SPI_CalculateCRC                         0x080089b7   Thumb Code    24  stm32f4xx_spi.o(.text)
    SPI_TransmitCRC                          0x080089cf   Thumb Code    10  stm32f4xx_spi.o(.text)
    SPI_GetCRC                               0x080089d9   Thumb Code    16  stm32f4xx_spi.o(.text)
    SPI_GetCRCPolynomial                     0x080089e9   Thumb Code     6  stm32f4xx_spi.o(.text)
    SPI_I2S_DMACmd                           0x080089ef   Thumb Code    18  stm32f4xx_spi.o(.text)
    SPI_I2S_ITConfig                         0x08008a01   Thumb Code    68  stm32f4xx_spi.o(.text)
    SPI_I2S_GetFlagStatus                    0x08008a45   Thumb Code    18  stm32f4xx_spi.o(.text)
    SPI_I2S_ClearFlag                        0x08008a57   Thumb Code     6  stm32f4xx_spi.o(.text)
    SPI_I2S_GetITStatus                      0x08008a5d   Thumb Code    52  stm32f4xx_spi.o(.text)
    SPI_I2S_ClearITPendingBit                0x08008a91   Thumb Code    20  stm32f4xx_spi.o(.text)
    OS_TaskStatStkChk                        0x08008aa5   Thumb Code    54  os_core.o(.text)
    OS_TaskStat                              0x08008adb   Thumb Code   116  os_core.o(.text)
    OS_TaskIdle                              0x08008b83   Thumb Code    34  os_core.o(.text)
    OS_MemClr                                0x08008bd9   Thumb Code    18  os_core.o(.text)
    OSInit                                   0x08008cf9   Thumb Code    40  os_core.o(.text)
    OSIntEnter                               0x08008d21   Thumb Code    28  os_core.o(.text)
    OSIntExit                                0x08008d57   Thumb Code   112  os_core.o(.text)
    OSSchedLock                              0x08008dc7   Thumb Code    50  os_core.o(.text)
    OS_Sched                                 0x08008df9   Thumb Code    88  os_core.o(.text)
    OSSchedUnlock                            0x08008e51   Thumb Code   236  os_core.o(.text)
    OSStart                                  0x08008f3d   Thumb Code    48  os_core.o(.text)
    OSStatInit                               0x08008f6d   Thumb Code    62  os_core.o(.text)
    OSTimeTick                               0x08008fab   Thumb Code   210  os_core.o(.text)
    OSVersion                                0x0800907d   Thumb Code     6  os_core.o(.text)
    OS_Dummy                                 0x08009083   Thumb Code     2  os_core.o(.text)
    OS_EventTaskRemove                       0x08009085   Thumb Code    42  os_core.o(.text)
    OS_EventTaskRdy                          0x080090af   Thumb Code   114  os_core.o(.text)
    OS_EventTaskWait                         0x08009121   Thumb Code   112  os_core.o(.text)
    OS_EventWaitListInit                     0x08009191   Thumb Code    28  os_core.o(.text)
    OS_MemCopy                               0x080091ad   Thumb Code    20  os_core.o(.text)
    OS_StrLen                                0x080091c1   Thumb Code    20  os_core.o(.text)
    OS_TCBInit                               0x080091d5   Thumb Code   274  os_core.o(.text)
    OSMboxAccept                             0x0800932d   Thumb Code    38  os_mbox.o(.text)
    OSMboxCreate                             0x08009353   Thumb Code    68  os_mbox.o(.text)
    OSMboxDel                                0x08009397   Thumb Code   200  os_mbox.o(.text)
    OSMboxPend                               0x0800945f   Thumb Code   246  os_mbox.o(.text)
    OSMboxPendAbort                          0x08009555   Thumb Code   128  os_mbox.o(.text)
    OSMboxPost                               0x080095d5   Thumb Code    80  os_mbox.o(.text)
    OSMboxPostOpt                            0x08009625   Thumb Code   120  os_mbox.o(.text)
    OSMboxQuery                              0x0800969d   Thumb Code    76  os_mbox.o(.text)
    OSQAccept                                0x080096f9   Thumb Code    88  os_q.o(.text)
    OSQCreate                                0x08009751   Thumb Code   140  os_q.o(.text)
    OSQDel                                   0x080097dd   Thumb Code   236  os_q.o(.text)
    OSQFlush                                 0x080098c9   Thumb Code    36  os_q.o(.text)
    OSQPend                                  0x080098ed   Thumb Code   272  os_q.o(.text)
    OSQPendAbort                             0x080099fd   Thumb Code   128  os_q.o(.text)
    OSQPost                                  0x08009a7d   Thumb Code   114  os_q.o(.text)
    OSQPostFront                             0x08009aef   Thumb Code   136  os_q.o(.text)
    OSQPostOpt                               0x08009b77   Thumb Code   182  os_q.o(.text)
    OSQQuery                                 0x08009c2d   Thumb Code    98  os_q.o(.text)
    OS_QInit                                 0x08009c8f   Thumb Code    72  os_q.o(.text)
    OSSemAccept                              0x08009ce1   Thumb Code    42  os_sem.o(.text)
    OSSemCreate                              0x08009d0b   Thumb Code    68  os_sem.o(.text)
    OSSemDel                                 0x08009d4f   Thumb Code   200  os_sem.o(.text)
    OSSemPend                                0x08009e17   Thumb Code   222  os_sem.o(.text)
    OSSemPendAbort                           0x08009ef5   Thumb Code   128  os_sem.o(.text)
    OSSemPost                                0x08009f75   Thumb Code    88  os_sem.o(.text)
    OSSemQuery                               0x08009fcd   Thumb Code    76  os_sem.o(.text)
    OSSemSet                                 0x0800a019   Thumb Code    66  os_sem.o(.text)
    OSTaskChangePrio                         0x0800a06d   Thumb Code   308  os_task.o(.text)
    OSTaskCreate                             0x0800a1a1   Thumb Code   148  os_task.o(.text)
    OS_TaskStkClr                            0x0800a235   Thumb Code    26  os_task.o(.text)
    OSTaskCreateExt                          0x0800a24f   Thumb Code   170  os_task.o(.text)
    OSTaskDel                                0x0800a2f9   Thumb Code   280  os_task.o(.text)
    OSTaskDelReq                             0x0800a411   Thumb Code   144  os_task.o(.text)
    OSTaskNameGet                            0x0800a4a1   Thumb Code   114  os_task.o(.text)
    OSTaskNameSet                            0x0800a513   Thumb Code    98  os_task.o(.text)
    OSTaskResume                             0x0800a575   Thumb Code   154  os_task.o(.text)
    OSTaskStkChk                             0x0800a60f   Thumb Code   132  os_task.o(.text)
    OSTaskSuspend                            0x0800a693   Thumb Code   152  os_task.o(.text)
    OSTaskQuery                              0x0800a72b   Thumb Code    82  os_task.o(.text)
    OSTaskRegGet                             0x0800a77d   Thumb Code    60  os_task.o(.text)
    OSTaskRegSet                             0x0800a7b9   Thumb Code    62  os_task.o(.text)
    OS_TaskReturn                            0x0800a7f7   Thumb Code    18  os_task.o(.text)
    OSTimeDly                                0x0800a821   Thumb Code   100  os_time.o(.text)
    OSTimeDlyHMSM                            0x0800a885   Thumb Code    86  os_time.o(.text)
    OSTimeDlyResume                          0x0800a8db   Thumb Code   168  os_time.o(.text)
    OSTimeGet                                0x0800a983   Thumb Code    24  os_time.o(.text)
    OSTimeSet                                0x0800a99b   Thumb Code    24  os_time.o(.text)
    OSInitHookBegin                          0x0800a9d1   Thumb Code     2  os_cpu_c.o(.text)
    OSInitHookEnd                            0x0800a9d3   Thumb Code     2  os_cpu_c.o(.text)
    OSTaskCreateHook                         0x0800a9d5   Thumb Code     2  os_cpu_c.o(.text)
    OSTaskDelHook                            0x0800a9d7   Thumb Code     2  os_cpu_c.o(.text)
    OSTaskIdleHook                           0x0800a9d9   Thumb Code     2  os_cpu_c.o(.text)
    OSTaskStatHook                           0x0800a9db   Thumb Code     2  os_cpu_c.o(.text)
    OSTaskStkInit                            0x0800a9dd   Thumb Code   426  os_cpu_c.o(.text)
    OSTaskSwHook                             0x0800ab87   Thumb Code     2  os_cpu_c.o(.text)
    OSTCBInitHook                            0x0800ab89   Thumb Code     2  os_cpu_c.o(.text)
    OSTimeTickHook                           0x0800ab8b   Thumb Code     2  os_cpu_c.o(.text)
    OSTaskReturnHook                         0x0800ab8d   Thumb Code     2  os_cpu_c.o(.text)
    OS_CPU_SR_Save                           0x0800ab95   Thumb Code     0  os_cpu_a.o(.text)
    OS_CPU_SR_Restore                        0x0800ab9d   Thumb Code     0  os_cpu_a.o(.text)
    OSStartHighRdy                           0x0800aba3   Thumb Code     0  os_cpu_a.o(.text)
    OSCtxSw                                  0x0800abc7   Thumb Code     0  os_cpu_a.o(.text)
    OSIntCtxSw                               0x0800abd5   Thumb Code     0  os_cpu_a.o(.text)
    PendSV_Handler                           0x0800abe5   Thumb Code     0  os_cpu_a.o(.text)
    __use_no_semihosting                     0x0800ac5d   Thumb Code     2  use_no_semi_2.o(.text)
    memcmp                                   0x0800ac5f   Thumb Code    88  memcmp.o(.text)
    __aeabi_memcpy                           0x0800acb7   Thumb Code     0  rt_memcpy_v6.o(.text)
    __rt_memcpy                              0x0800acb7   Thumb Code   138  rt_memcpy_v6.o(.text)
    _memcpy_lastbytes                        0x0800ad1d   Thumb Code     0  rt_memcpy_v6.o(.text)
    __aeabi_memcpy4                          0x0800ad41   Thumb Code     0  rt_memcpy_w.o(.text)
    __aeabi_memcpy8                          0x0800ad41   Thumb Code     0  rt_memcpy_w.o(.text)
    __rt_memcpy_w                            0x0800ad41   Thumb Code   100  rt_memcpy_w.o(.text)
    _memcpy_lastbytes_aligned                0x0800ad89   Thumb Code     0  rt_memcpy_w.o(.text)
    __aeabi_memset                           0x0800ada5   Thumb Code    16  aeabi_memset.o(.text)
    __aeabi_memclr                           0x0800adb5   Thumb Code     0  rt_memclr.o(.text)
    __rt_memclr                              0x0800adb5   Thumb Code    68  rt_memclr.o(.text)
    _memset                                  0x0800adb9   Thumb Code     0  rt_memclr.o(.text)
    __aeabi_memclr4                          0x0800adf9   Thumb Code     0  rt_memclr_w.o(.text)
    __aeabi_memclr8                          0x0800adf9   Thumb Code     0  rt_memclr_w.o(.text)
    __rt_memclr_w                            0x0800adf9   Thumb Code    78  rt_memclr_w.o(.text)
    _memset_w                                0x0800adfd   Thumb Code     0  rt_memclr_w.o(.text)
    __use_two_region_memory                  0x0800ae47   Thumb Code     2  heapauxi.o(.text)
    __rt_heap_escrow$2region                 0x0800ae49   Thumb Code     2  heapauxi.o(.text)
    __rt_heap_expand$2region                 0x0800ae4b   Thumb Code     2  heapauxi.o(.text)
    __I$use$semihosting                      0x0800ae4d   Thumb Code     0  use_no_semi.o(.text)
    __use_no_semihosting_swi                 0x0800ae4d   Thumb Code     2  use_no_semi.o(.text)
    __user_setup_stackheap                   0x0800ae4f   Thumb Code    74  sys_stackheap_outer.o(.text)
    exit                                     0x0800ae99   Thumb Code    18  exit.o(.text)
    __user_libspace                          0x0800aead   Thumb Code     8  libspace.o(.text)
    __user_perproc_libspace                  0x0800aead   Thumb Code     0  libspace.o(.text)
    __user_perthread_libspace                0x0800aead   Thumb Code     0  libspace.o(.text)
    _fp_init                                 0x0800aeb5   Thumb Code    10  fpinit.o(x$fpl$fpinit)
    __fplib_config_fpu_vfp                   0x0800aebd   Thumb Code     0  fpinit.o(x$fpl$fpinit)
    __fplib_config_pureend_doubles           0x0800aebd   Thumb Code     0  fpinit.o(x$fpl$fpinit)
    memtblsize                               0x0800aec0   Data          12  malloc.o(.constdata)
    memblksize                               0x0800aecc   Data          12  malloc.o(.constdata)
    memsize                                  0x0800aed8   Data          12  malloc.o(.constdata)
    auchCRCHi                                0x0800aee4   Data         256  crc.o(.constdata)
    auchCRCLo                                0x0800afe4   Data         256  crc.o(.constdata)
    OSUnMapTbl                               0x0800b0e4   Data         256  os_core.o(.constdata)
    Region$$Table$$Base                      0x0800b1e4   Number         0  anon$$obj.o(Region$$Table)
    Region$$Table$$Limit                     0x0800b204   Number         0  anon$$obj.o(Region$$Table)
    mem3base                                 0x10000000   Data       20480  malloc.o(.ARM.__AT_0x10000000)
    mem3mapbase                              0x10005000   Data        1280  malloc.o(.ARM.__AT_0x10005000)
    RUN_TASK_STK                             0x10005500   Data        2048  myconfig.o(.ARM.__AT_0x10005500)
    CAN2_TASK_STK                            0x10005d00   Data        2048  myconfig.o(.ARM.__AT_0x10005D00)
    CAN2ACK_TASK_STK                         0x10006500   Data        2048  myconfig.o(.ARM.__AT_0x10006500)
    CAN2ACT_TASK_STK                         0x10006d00   Data        2048  myconfig.o(.ARM.__AT_0x10006D00)
    LED_TASK_STK                             0x10007500   Data        2048  myconfig.o(.ARM.__AT_0x10007500)
    CAN2Send_TASK_STK                        0x10007d00   Data        2048  myconfig.o(.ARM.__AT_0x10007D00)
    FINDZERO_TASK_STK                        0x10008500   Data        2048  myconfig.o(.ARM.__AT_0x10008500)
    TRANSPERMI_TASK_STK                      0x10008d00   Data        2048  myconfig.o(.ARM.__AT_0x10008D00)
    HEARTBEAT_TASK_STK                       0x10009500   Data        2048  myconfig.o(.ARM.__AT_0x10009500)
    MODBUS_TASK_STK                          0x10009d00   Data        2048  myconfig.o(.ARM.__AT_0x10009D00)
    STATE_TASK_STK                           0x1000a500   Data        2048  myconfig.o(.ARM.__AT_0x1000A500)
    MODE_TASK_STK                            0x1000ad00   Data        2048  myconfig.o(.ARM.__AT_0x1000AD00)
    TranferSpeed                             0x20000000   Data           1  globaldata.o(.data)
    EnableStopButton                         0x20000001   Data           1  globaldata.o(.data)
    FindZeroCtrl                             0x20000002   Data           1  globaldata.o(.data)
    sn0                                      0x20000004   Data           4  globaldata.o(.data)
    ThisTransitionNumber                     0x20000008   Data           1  globaldata.o(.data)
    EquipmentType                            0x20000009   Data           1  globaldata.o(.data)
    Burnin                                   0x2000000a   Data           1  globaldata.o(.data)
    RTRbuf                                   0x2000000c   Data           4  globaldata.o(.data)
    printfcount                              0x20000010   Data           8  globaldata.o(.data)
    MAX_Count                                0x20000018   Data           2  globaldata.o(.data)
    MIN_Count                                0x2000001a   Data           2  globaldata.o(.data)
    Now_direction                            0x2000001c   Data           1  globaldata.o(.data)
    IsMotorRun                               0x2000001d   Data           1  globaldata.o(.data)
    ThresholdValue                           0x2000001e   Data           1  globaldata.o(.data)
    TransStatistics                          0x20000020   Data          32  globaldata.o(.data)
    LastFramFlag                             0x20000040   Data           1  globaldata.o(.data)
    alreadlyuptrack                          0x20000041   Data           1  globaldata.o(.data)
    alreadlydowntrack                        0x20000042   Data           1  globaldata.o(.data)
    FramRecTimeFlag                          0x20000043   Data           4  globaldata.o(.data)
    ISorNotPermisionDo                       0x20000047   Data           1  globaldata.o(.data)
    LastPermissionFARM                       0x20000048   Data           4  globaldata.o(.data)
    FindZeroGlob                             0x2000004c   Data           1  globaldata.o(.data)
    CANCommunicatMode                        0x2000004d   Data           1  globaldata.o(.data)
    CarAlreadyUpMbox                         0x20000050   Data           4  globaldata.o(.data)
    CarAlreadyDownSem                        0x20000054   Data           4  globaldata.o(.data)
    AgreeChangeModeSem                       0x20000058   Data           4  globaldata.o(.data)
    ApplyChangeModeBox                       0x2000005c   Data           4  globaldata.o(.data)
    WhereIsCarMbox                           0x20000060   Data           4  globaldata.o(.data)
    can1RecvSem                              0x20000064   Data           4  globaldata.o(.data)
    can2RecvSem                              0x20000068   Data           4  globaldata.o(.data)
    can1ActSem                               0x2000006c   Data           4  globaldata.o(.data)
    can2ActSem                               0x20000070   Data           4  globaldata.o(.data)
    can1AckSem                               0x20000074   Data           4  globaldata.o(.data)
    can2AckSem                               0x20000078   Data           4  globaldata.o(.data)
    can1CtlAckSem                            0x2000007c   Data           4  globaldata.o(.data)
    can2CtlAckSem                            0x20000080   Data           4  globaldata.o(.data)
    can1CtlResSem                            0x20000084   Data           4  globaldata.o(.data)
    can1InfoAckSem                           0x20000088   Data           4  globaldata.o(.data)
    can2InfoAckSem                           0x2000008c   Data           4  globaldata.o(.data)
    can1SendSem                              0x20000090   Data           4  globaldata.o(.data)
    can2SendSem                              0x20000094   Data           4  globaldata.o(.data)
    can1Mbox                                 0x20000098   Data           4  globaldata.o(.data)
    can2Mbox                                 0x2000009c   Data           4  globaldata.o(.data)
    canCtlResMbox                            0x200000a0   Data           4  globaldata.o(.data)
    TransStatus                              0x200000a4   Data          10  globaldata.o(.data)
    SystemCoreClock                          0x200000b0   Data           4  system_stm32f4xx.o(.data)
    AHBPrescTable                            0x200000b4   Data          16  system_stm32f4xx.o(.data)
    NOWMISSIONNODE                           0x200000c8   Data           4  trackmission_app.o(.data)
    step                                     0x200000cc   Data           1  trackmission_app.o(.data)
    ModBusFlagSem                            0x200000d0   Data           4  modbus_app.o(.data)
    g_CarApplyChangedata                     0x200000d4   Data           4  trackmission_dri.o(.data)
    stepMotorCtlSem                          0x200000d8   Data           4  stepmotor_dir.o(.data)
    arrivePosSem                             0x200000dc   Data           4  stepmotor_dir.o(.data)
    stepMotorCtlTime                         0x200000e0   Data           1  stepmotor_dir.o(.data)
    ZeroDirction                             0x200000e1   Data           1  stepmotor_dir.o(.data)
    PCtrl                                    0x200000e2   Data           1  stepmotor_dir.o(.data)
    NCtrl                                    0x200000e3   Data           1  stepmotor_dir.o(.data)
    CAN_threshold                            0x200000e8   Data           1  can_dri.o(.data)
    g_canDataFrame                           0x200000ec   Data           8  can_dri.o(.data)
    g_canDataAckFrame                        0x200000f4   Data           8  can_dri.o(.data)
    g_canDataActFrame                        0x200000fc   Data           8  can_dri.o(.data)
    g_can1SendFrame                          0x20000104   Data           4  can_dri.o(.data)
    g_can2SendFrame                          0x20000108   Data           4  can_dri.o(.data)
    can1CtlAckFrame                          0x2000010c   Data           3  can_dri.o(.data)
    can1CtlResFrame                          0x2000010f   Data           3  can_dri.o(.data)
    can1InfoAckFrame                         0x20000112   Data           3  can_dri.o(.data)
    can2InfoAckFrame                         0x20000115   Data           3  can_dri.o(.data)
    CANBprInit                               0x20000118   Data         168  can_dri.o(.data)
    BeepChirptimes                           0x200001c4   Data           2  beep_dri.o(.data)
    BeepAlwaysON                             0x200001c6   Data           1  beep_dri.o(.data)
    BeepOFFORON                              0x200001c7   Data           1  beep_dri.o(.data)
    W25QXX_TYPE                              0x200001c8   Data           2  w25qxx_dir.o(.data)
    mallco_dev                               0x200001cc   Data          36  malloc.o(.data)
    HeartBeat                                0x200001f1   Data           2  timer_dri.o(.data)
    Reg                                      0x200001f4   Data          50  modbus.o(.data)
    __stdout                                 0x2000022c   Data           4  usart.o(.data)
    USART_RX_STA                             0x20000230   Data           2  usart.o(.data)
    OSCtxSwCtr                               0x20000244   Data           4  os_core.o(.data)
    OSEventFreeList                          0x20000248   Data           4  os_core.o(.data)
    OSCPUUsage                               0x2000024c   Data           1  os_core.o(.data)
    OSIdleCtrMax                             0x20000250   Data           4  os_core.o(.data)
    OSIdleCtrRun                             0x20000254   Data           4  os_core.o(.data)
    OSStatRdy                                0x20000258   Data           1  os_core.o(.data)
    OSIntNesting                             0x20000259   Data           1  os_core.o(.data)
    OSLockNesting                            0x2000025a   Data           1  os_core.o(.data)
    OSPrioCur                                0x2000025b   Data           1  os_core.o(.data)
    OSPrioHighRdy                            0x2000025c   Data           1  os_core.o(.data)
    OSRdyGrp                                 0x2000025d   Data           1  os_core.o(.data)
    OSRdyTbl                                 0x2000025e   Data           8  os_core.o(.data)
    OSRunning                                0x20000266   Data           1  os_core.o(.data)
    OSTaskCtr                                0x20000267   Data           1  os_core.o(.data)
    OSIdleCtr                                0x20000268   Data           4  os_core.o(.data)
    OSTCBCur                                 0x2000026c   Data           4  os_core.o(.data)
    OSTCBFreeList                            0x20000270   Data           4  os_core.o(.data)
    OSTCBHighRdy                             0x20000274   Data           4  os_core.o(.data)
    OSTCBList                                0x20000278   Data           4  os_core.o(.data)
    OSTickStepState                          0x2000027c   Data           1  os_core.o(.data)
    OSQFreeList                              0x20000280   Data           4  os_core.o(.data)
    OSTime                                   0x20000284   Data           4  os_core.o(.data)
    TrackCount                               0x20000288   Data         128  globaldata.o(.bss)
    TempTrackCount                           0x20000308   Data         128  globaldata.o(.bss)
    ControlMessage                           0x20000388   Data          24  globaldata.o(.bss)
    TransLocationQeutb                       0x200003a0   Data          40  globaldata.o(.bss)
    W25QXXSendBuff                           0x200003c8   Data         130  globaldata.o(.bss)
    W25QXXReceiveBuff                        0x2000044a   Data         130  globaldata.o(.bss)
    DefoultTransStatus                       0x200004cc   Data          10  globaldata.o(.bss)
    START_TASK_STK                           0x200004d8   Data         512  myconfig.o(.bss)
    LED_BlinkTime                            0x20000700   Data          10  led_dri.o(.bss)
    W25QXX_SendBuf                           0x2000070a   Data        1024  w25qxx_dir.o(.bss)
    W25QXX_RecvBuf                           0x20000b0a   Data        1024  w25qxx_dir.o(.bss)
    W25QXX_BUFFER                            0x20000f0a   Data        4096  w25qxx_dir.o(.bss)
    mem1base                                 0x20001f20   Data        3072  malloc.o(.bss)
    mem1mapbase                              0x20002b20   Data         192  malloc.o(.bss)
    modbus                                   0x20002be0   Data         208  modbus.o(.bss)
    USART_RX_BUF                             0x20002cb0   Data         200  usart.o(.bss)
    OSEventTbl                               0x20002d78   Data         700  os_core.o(.bss)
    OSTaskStatStk                            0x20003034   Data         512  os_core.o(.bss)
    OSTaskIdleStk                            0x20003234   Data         512  os_core.o(.bss)
    OSTCBPrioTbl                             0x20003434   Data         256  os_core.o(.bss)
    OSTCBTbl                                 0x20003534   Data        1824  os_core.o(.bss)
    OSQTbl                                   0x20003c54   Data         120  os_core.o(.bss)
    __libspace_start                         0x20003ccc   Data          96  libspace.o(.bss)
    __temporary_stack_top$libspace           0x20003d2c   Data           0  libspace.o(.bss)
    mem2base                                 0x68000000   Data       983040  malloc.o(.ARM.__AT_0x68000000)
    mem2mapbase                              0x680f0000   Data       61440  malloc.o(.ARM.__AT_0x680F0000)



==============================================================================

Memory Map of the image

  Image Entry point : 0x08000189

  Load Region LR_IROM1 (Base: 0x08000000, Size: 0x0000b48c, Max: 0x00100000, ABSOLUTE, COMPRESSED[0x0000b2d8])

    Execution Region ER_IROM1 (Exec base: 0x08000000, Load base: 0x08000000, Size: 0x0000b204, Max: 0x00100000, ABSOLUTE)

    Exec Addr    Load Addr    Size         Type   Attr      Idx    E Section Name        Object

    0x08000000   0x08000000   0x00000188   Data   RO          909    RESET               startup_stm32f40_41xxx.o
    0x08000188   0x08000188   0x00000008   Code   RO         1337  * !!!main             c_w.l(__main.o)
    0x08000190   0x08000190   0x00000034   Code   RO         1494    !!!scatter          c_w.l(__scatter.o)
    0x080001c4   0x080001c4   0x0000005a   Code   RO         1492    !!dczerorl2         c_w.l(__dczerorl2.o)
    0x0800021e   0x0800021e   0x00000002   PAD
    0x08000220   0x08000220   0x0000001c   Code   RO         1496    !!handler_zi        c_w.l(__scatter_zi.o)
    0x0800023c   0x0800023c   0x00000002   Code   RO         1366    .ARM.Collect$$libinit$$00000000  c_w.l(libinit.o)
    0x0800023e   0x0800023e   0x00000004   Code   RO         1372    .ARM.Collect$$libinit$$00000001  c_w.l(libinit2.o)
    0x08000242   0x08000242   0x00000000   Code   RO         1375    .ARM.Collect$$libinit$$00000004  c_w.l(libinit2.o)
    0x08000242   0x08000242   0x00000000   Code   RO         1378    .ARM.Collect$$libinit$$0000000A  c_w.l(libinit2.o)
    0x08000242   0x08000242   0x00000000   Code   RO         1380    .ARM.Collect$$libinit$$0000000C  c_w.l(libinit2.o)
    0x08000242   0x08000242   0x00000000   Code   RO         1382    .ARM.Collect$$libinit$$0000000E  c_w.l(libinit2.o)
    0x08000242   0x08000242   0x00000000   Code   RO         1385    .ARM.Collect$$libinit$$00000011  c_w.l(libinit2.o)
    0x08000242   0x08000242   0x00000000   Code   RO         1387    .ARM.Collect$$libinit$$00000013  c_w.l(libinit2.o)
    0x08000242   0x08000242   0x00000000   Code   RO         1389    .ARM.Collect$$libinit$$00000015  c_w.l(libinit2.o)
    0x08000242   0x08000242   0x00000000   Code   RO         1391    .ARM.Collect$$libinit$$00000017  c_w.l(libinit2.o)
    0x08000242   0x08000242   0x00000000   Code   RO         1393    .ARM.Collect$$libinit$$00000019  c_w.l(libinit2.o)
    0x08000242   0x08000242   0x00000000   Code   RO         1395    .ARM.Collect$$libinit$$0000001B  c_w.l(libinit2.o)
    0x08000242   0x08000242   0x00000000   Code   RO         1397    .ARM.Collect$$libinit$$0000001D  c_w.l(libinit2.o)
    0x08000242   0x08000242   0x00000000   Code   RO         1399    .ARM.Collect$$libinit$$0000001F  c_w.l(libinit2.o)
    0x08000242   0x08000242   0x00000000   Code   RO         1401    .ARM.Collect$$libinit$$00000021  c_w.l(libinit2.o)
    0x08000242   0x08000242   0x00000000   Code   RO         1403    .ARM.Collect$$libinit$$00000023  c_w.l(libinit2.o)
    0x08000242   0x08000242   0x00000000   Code   RO         1405    .ARM.Collect$$libinit$$00000025  c_w.l(libinit2.o)
    0x08000242   0x08000242   0x00000000   Code   RO         1409    .ARM.Collect$$libinit$$0000002C  c_w.l(libinit2.o)
    0x08000242   0x08000242   0x00000000   Code   RO         1411    .ARM.Collect$$libinit$$0000002E  c_w.l(libinit2.o)
    0x08000242   0x08000242   0x00000000   Code   RO         1413    .ARM.Collect$$libinit$$00000030  c_w.l(libinit2.o)
    0x08000242   0x08000242   0x00000000   Code   RO         1415    .ARM.Collect$$libinit$$00000032  c_w.l(libinit2.o)
    0x08000242   0x08000242   0x00000002   Code   RO         1416    .ARM.Collect$$libinit$$00000033  c_w.l(libinit2.o)
    0x08000244   0x08000244   0x00000002   Code   RO         1434    .ARM.Collect$$libshutdown$$00000000  c_w.l(libshutdown.o)
    0x08000246   0x08000246   0x00000000   Code   RO         1444    .ARM.Collect$$libshutdown$$00000002  c_w.l(libshutdown2.o)
    0x08000246   0x08000246   0x00000000   Code   RO         1446    .ARM.Collect$$libshutdown$$00000004  c_w.l(libshutdown2.o)
    0x08000246   0x08000246   0x00000000   Code   RO         1449    .ARM.Collect$$libshutdown$$00000007  c_w.l(libshutdown2.o)
    0x08000246   0x08000246   0x00000000   Code   RO         1452    .ARM.Collect$$libshutdown$$0000000A  c_w.l(libshutdown2.o)
    0x08000246   0x08000246   0x00000000   Code   RO         1454    .ARM.Collect$$libshutdown$$0000000C  c_w.l(libshutdown2.o)
    0x08000246   0x08000246   0x00000000   Code   RO         1457    .ARM.Collect$$libshutdown$$0000000F  c_w.l(libshutdown2.o)
    0x08000246   0x08000246   0x00000002   Code   RO         1458    .ARM.Collect$$libshutdown$$00000010  c_w.l(libshutdown2.o)
    0x08000248   0x08000248   0x00000000   Code   RO         1341    .ARM.Collect$$rtentry$$00000000  c_w.l(__rtentry.o)
    0x08000248   0x08000248   0x00000000   Code   RO         1343    .ARM.Collect$$rtentry$$00000002  c_w.l(__rtentry2.o)
    0x08000248   0x08000248   0x00000006   Code   RO         1355    .ARM.Collect$$rtentry$$00000004  c_w.l(__rtentry4.o)
    0x0800024e   0x0800024e   0x00000000   Code   RO         1345    .ARM.Collect$$rtentry$$00000009  c_w.l(__rtentry2.o)
    0x0800024e   0x0800024e   0x00000004   Code   RO         1346    .ARM.Collect$$rtentry$$0000000A  c_w.l(__rtentry2.o)
    0x08000252   0x08000252   0x00000000   Code   RO         1348    .ARM.Collect$$rtentry$$0000000C  c_w.l(__rtentry2.o)
    0x08000252   0x08000252   0x00000008   Code   RO         1349    .ARM.Collect$$rtentry$$0000000D  c_w.l(__rtentry2.o)
    0x0800025a   0x0800025a   0x00000002   Code   RO         1370    .ARM.Collect$$rtexit$$00000000  c_w.l(rtexit.o)
    0x0800025c   0x0800025c   0x00000000   Code   RO         1418    .ARM.Collect$$rtexit$$00000002  c_w.l(rtexit2.o)
    0x0800025c   0x0800025c   0x00000004   Code   RO         1419    .ARM.Collect$$rtexit$$00000003  c_w.l(rtexit2.o)
    0x08000260   0x08000260   0x00000006   Code   RO         1420    .ARM.Collect$$rtexit$$00000004  c_w.l(rtexit2.o)
    0x08000266   0x08000266   0x00000002   PAD
    0x08000268   0x08000268   0x00000054   Code   RO          227    .text               application.o
    0x080002bc   0x080002bc   0x000008f4   Code   RO          262    .text               myconfig.o
    0x08000bb0   0x08000bb0   0x00000016   Code   RO          307    .text               stm32f4xx_it.o
    0x08000bc6   0x08000bc6   0x00000002   PAD
    0x08000bc8   0x08000bc8   0x00000210   Code   RO          356    .text               system_stm32f4xx.o
    0x08000dd8   0x08000dd8   0x000010d0   Code   RO          382    .text               transitionfunction.o
    0x08001ea8   0x08001ea8   0x000001a4   Code   RO          403    .text               can_app.o
    0x0800204c   0x0800204c   0x000000f4   Code   RO          423    .text               led_app.o
    0x08002140   0x08002140   0x00000744   Code   RO          457    .text               trackmission_app.o
    0x08002884   0x08002884   0x00000098   Code   RO          480    .text               timer_app.o
    0x0800291c   0x0800291c   0x00000158   Code   RO          500    .text               modbus_app.o
    0x08002a74   0x08002a74   0x000000d8   Code   RO          527    .text               state_app.o
    0x08002b4c   0x08002b4c   0x00000594   Code   RO          547    .text               trackmission_dri.o
    0x080030e0   0x080030e0   0x000006cc   Code   RO          574    .text               stepmotor_dir.o
    0x080037ac   0x080037ac   0x00001438   Code   RO          600    .text               can_dri.o
    0x08004be4   0x08004be4   0x000000d0   Code   RO          632    .text               beep_dri.o
    0x08004cb4   0x08004cb4   0x000003c8   Code   RO          659    .text               led_dri.o
    0x0800507c   0x0800507c   0x000005e8   Code   RO          686    .text               w25qxx_dir.o
    0x08005664   0x08005664   0x0000022c   Code   RO          713    .text               malloc.o
    0x08005890   0x08005890   0x000002a4   Code   RO          745    .text               uart_drv.o
    0x08005b34   0x08005b34   0x000000c0   Code   RO          766    .text               timer_dri.o
    0x08005bf4   0x08005bf4   0x00000038   Code   RO          792    .text               crc.o
    0x08005c2c   0x08005c2c   0x000002c0   Code   RO          815    .text               modbus.o
    0x08005eec   0x08005eec   0x00000128   Code   RO          842    .text               delay.o
    0x08006014   0x08006014   0x00000158   Code   RO          878    .text               usart.o
    0x0800616c   0x0800616c   0x00000040   Code   RO          910    .text               startup_stm32f40_41xxx.o
    0x080061ac   0x080061ac   0x000000e0   Code   RO          916    .text               misc.o
    0x0800628c   0x0800628c   0x00000294   Code   RO          936    .text               stm32f4xx_gpio.o
    0x08006520   0x08006520   0x0000065c   Code   RO          956    .text               stm32f4xx_rcc.o
    0x08006b7c   0x08006b7c   0x00000454   Code   RO          998    .text               stm32f4xx_usart.o
    0x08006fd0   0x08006fd0   0x000009b0   Code   RO         1018    .text               stm32f4xx_can.o
    0x08007980   0x08007980   0x00000ca2   Code   RO         1058    .text               stm32f4xx_tim.o
    0x08008622   0x08008622   0x00000002   PAD
    0x08008624   0x08008624   0x00000480   Code   RO         1078    .text               stm32f4xx_spi.o
    0x08008aa4   0x08008aa4   0x00000888   Code   RO         1098    .text               os_core.o
    0x0800932c   0x0800932c   0x000003cc   Code   RO         1140    .text               os_mbox.o
    0x080096f8   0x080096f8   0x000005e8   Code   RO         1194    .text               os_q.o
    0x08009ce0   0x08009ce0   0x0000038c   Code   RO         1214    .text               os_sem.o
    0x0800a06c   0x0800a06c   0x000007b4   Code   RO         1234    .text               os_task.o
    0x0800a820   0x0800a820   0x000001b0   Code   RO         1254    .text               os_time.o
    0x0800a9d0   0x0800a9d0   0x000001c4   Code   RO         1288    .text               os_cpu_c.o
    0x0800ab94   0x0800ab94   0x000000c8   Code   RO         1316    .text               os_cpu_a.o
    0x0800ac5c   0x0800ac5c   0x00000002   Code   RO         1321    .text               c_w.l(use_no_semi_2.o)
    0x0800ac5e   0x0800ac5e   0x00000058   Code   RO         1323    .text               c_w.l(memcmp.o)
    0x0800acb6   0x0800acb6   0x0000008a   Code   RO         1325    .text               c_w.l(rt_memcpy_v6.o)
    0x0800ad40   0x0800ad40   0x00000064   Code   RO         1327    .text               c_w.l(rt_memcpy_w.o)
    0x0800ada4   0x0800ada4   0x00000010   Code   RO         1329    .text               c_w.l(aeabi_memset.o)
    0x0800adb4   0x0800adb4   0x00000044   Code   RO         1331    .text               c_w.l(rt_memclr.o)
    0x0800adf8   0x0800adf8   0x0000004e   Code   RO         1333    .text               c_w.l(rt_memclr_w.o)
    0x0800ae46   0x0800ae46   0x00000006   Code   RO         1335    .text               c_w.l(heapauxi.o)
    0x0800ae4c   0x0800ae4c   0x00000002   Code   RO         1339    .text               c_w.l(use_no_semi.o)
    0x0800ae4e   0x0800ae4e   0x0000004a   Code   RO         1357    .text               c_w.l(sys_stackheap_outer.o)
    0x0800ae98   0x0800ae98   0x00000012   Code   RO         1359    .text               c_w.l(exit.o)
    0x0800aeaa   0x0800aeaa   0x00000002   PAD
    0x0800aeac   0x0800aeac   0x00000008   Code   RO         1367    .text               c_w.l(libspace.o)
    0x0800aeb4   0x0800aeb4   0x0000000a   Code   RO         1426    x$fpl$fpinit        fz_wm.l(fpinit.o)
    0x0800aebe   0x0800aebe   0x00000002   PAD
    0x0800aec0   0x0800aec0   0x00000024   Data   RO          719    .constdata          malloc.o
    0x0800aee4   0x0800aee4   0x00000200   Data   RO          793    .constdata          crc.o
    0x0800b0e4   0x0800b0e4   0x00000100   Data   RO         1100    .constdata          os_core.o
    0x0800b1e4   0x0800b1e4   0x00000020   Data   RO         1490    Region$$Table       anon$$obj.o


    Execution Region RW_IRAM1 (Exec base: 0x20000000, Load base: 0x0800b204, Size: 0x00004330, Max: 0x00020000, ABSOLUTE, COMPRESSED[0x000000d4])

    Exec Addr    Load Addr    Size         Type   Attr      Idx    E Section Name        Object

    0x20000000   COMPRESSED   0x000000ae   Data   RW            4    .data               globaldata.o
    0x200000ae   COMPRESSED   0x00000002   PAD
    0x200000b0   COMPRESSED   0x00000014   Data   RW          357    .data               system_stm32f4xx.o
    0x200000c4   COMPRESSED   0x00000004   Data   RW          383    .data               transitionfunction.o
    0x200000c8   COMPRESSED   0x00000005   Data   RW          458    .data               trackmission_app.o
    0x200000cd   COMPRESSED   0x00000003   PAD
    0x200000d0   COMPRESSED   0x00000004   Data   RW          501    .data               modbus_app.o
    0x200000d4   COMPRESSED   0x00000004   Data   RW          548    .data               trackmission_dri.o
    0x200000d8   COMPRESSED   0x0000000e   Data   RW          575    .data               stepmotor_dir.o
    0x200000e6   COMPRESSED   0x00000002   PAD
    0x200000e8   COMPRESSED   0x000000dc   Data   RW          602    .data               can_dri.o
    0x200001c4   COMPRESSED   0x00000004   Data   RW          633    .data               beep_dri.o
    0x200001c8   COMPRESSED   0x00000002   Data   RW          688    .data               w25qxx_dir.o
    0x200001ca   COMPRESSED   0x00000002   PAD
    0x200001cc   COMPRESSED   0x00000024   Data   RW          720    .data               malloc.o
    0x200001f0   COMPRESSED   0x00000001   Data   RW          746    .data               uart_drv.o
    0x200001f1   COMPRESSED   0x00000002   Data   RW          767    .data               timer_dri.o
    0x200001f3   COMPRESSED   0x00000001   PAD
    0x200001f4   COMPRESSED   0x00000032   Data   RW          817    .data               modbus.o
    0x20000226   COMPRESSED   0x00000004   Data   RW          843    .data               delay.o
    0x2000022a   COMPRESSED   0x00000002   PAD
    0x2000022c   COMPRESSED   0x00000006   Data   RW          880    .data               usart.o
    0x20000232   COMPRESSED   0x00000010   Data   RW          957    .data               stm32f4xx_rcc.o
    0x20000242   COMPRESSED   0x00000002   PAD
    0x20000244   COMPRESSED   0x00000044   Data   RW         1101    .data               os_core.o
    0x20000288        -       0x0000024e   Zero   RW            3    .bss                globaldata.o
    0x200004d6   COMPRESSED   0x00000002   PAD
    0x200004d8        -       0x00000200   Zero   RW          275    .bss                myconfig.o
    0x200006d8        -       0x00000028   Zero   RW          601    .bss                can_dri.o
    0x20000700        -       0x0000000a   Zero   RW          660    .bss                led_dri.o
    0x2000070a        -       0x00001800   Zero   RW          687    .bss                w25qxx_dir.o
    0x20001f0a   COMPRESSED   0x00000016   PAD
    0x20001f20        -       0x00000cc0   Zero   RW          718    .bss                malloc.o
    0x20002be0        -       0x000000d0   Zero   RW          816    .bss                modbus.o
    0x20002cb0        -       0x000000c8   Zero   RW          879    .bss                usart.o
    0x20002d78        -       0x00000f54   Zero   RW         1099    .bss                os_core.o
    0x20003ccc        -       0x00000060   Zero   RW         1368    .bss                c_w.l(libspace.o)
    0x20003d2c   COMPRESSED   0x00000004   PAD
    0x20003d30        -       0x00000200   Zero   RW          908    HEAP                startup_stm32f40_41xxx.o
    0x20003f30        -       0x00000400   Zero   RW          907    STACK               startup_stm32f40_41xxx.o



  Load Region LR$$.ARM.__AT_0x10000000 (Base: 0x10000000, Size: 0x00000000, Max: 0x00005000, ABSOLUTE)

    Execution Region ER$$.ARM.__AT_0x10000000 (Exec base: 0x10000000, Load base: 0x10000000, Size: 0x00005000, Max: 0x00005000, ABSOLUTE, UNINIT)

    Exec Addr    Load Addr    Size         Type   Attr      Idx    E Section Name        Object

    0x10000000        -       0x00005000   Zero   RW          714    .ARM.__AT_0x10000000  malloc.o



  Load Region LR$$.ARM.__AT_0x10005000 (Base: 0x10005000, Size: 0x00000000, Max: 0x00000500, ABSOLUTE)

    Execution Region ER$$.ARM.__AT_0x10005000 (Exec base: 0x10005000, Load base: 0x10005000, Size: 0x00000500, Max: 0x00000500, ABSOLUTE, UNINIT)

    Exec Addr    Load Addr    Size         Type   Attr      Idx    E Section Name        Object

    0x10005000        -       0x00000500   Zero   RW          715    .ARM.__AT_0x10005000  malloc.o



  Load Region LR$$.ARM.__AT_0x10005500 (Base: 0x10005500, Size: 0x00000000, Max: 0x00000800, ABSOLUTE)

    Execution Region ER$$.ARM.__AT_0x10005500 (Exec base: 0x10005500, Load base: 0x10005500, Size: 0x00000800, Max: 0x00000800, ABSOLUTE, UNINIT)

    Exec Addr    Load Addr    Size         Type   Attr      Idx    E Section Name        Object

    0x10005500        -       0x00000800   Zero   RW          263    .ARM.__AT_0x10005500  myconfig.o



  Load Region LR$$.ARM.__AT_0x10005D00 (Base: 0x10005d00, Size: 0x00000000, Max: 0x00000800, ABSOLUTE)

    Execution Region ER$$.ARM.__AT_0x10005D00 (Exec base: 0x10005d00, Load base: 0x10005d00, Size: 0x00000800, Max: 0x00000800, ABSOLUTE, UNINIT)

    Exec Addr    Load Addr    Size         Type   Attr      Idx    E Section Name        Object

    0x10005d00        -       0x00000800   Zero   RW          264    .ARM.__AT_0x10005D00  myconfig.o



  Load Region LR$$.ARM.__AT_0x10006500 (Base: 0x10006500, Size: 0x00000000, Max: 0x00000800, ABSOLUTE)

    Execution Region ER$$.ARM.__AT_0x10006500 (Exec base: 0x10006500, Load base: 0x10006500, Size: 0x00000800, Max: 0x00000800, ABSOLUTE, UNINIT)

    Exec Addr    Load Addr    Size         Type   Attr      Idx    E Section Name        Object

    0x10006500        -       0x00000800   Zero   RW          265    .ARM.__AT_0x10006500  myconfig.o



  Load Region LR$$.ARM.__AT_0x10006D00 (Base: 0x10006d00, Size: 0x00000000, Max: 0x00000800, ABSOLUTE)

    Execution Region ER$$.ARM.__AT_0x10006D00 (Exec base: 0x10006d00, Load base: 0x10006d00, Size: 0x00000800, Max: 0x00000800, ABSOLUTE, UNINIT)

    Exec Addr    Load Addr    Size         Type   Attr      Idx    E Section Name        Object

    0x10006d00        -       0x00000800   Zero   RW          266    .ARM.__AT_0x10006D00  myconfig.o



  Load Region LR$$.ARM.__AT_0x10007500 (Base: 0x10007500, Size: 0x00000000, Max: 0x00000800, ABSOLUTE)

    Execution Region ER$$.ARM.__AT_0x10007500 (Exec base: 0x10007500, Load base: 0x10007500, Size: 0x00000800, Max: 0x00000800, ABSOLUTE, UNINIT)

    Exec Addr    Load Addr    Size         Type   Attr      Idx    E Section Name        Object

    0x10007500        -       0x00000800   Zero   RW          267    .ARM.__AT_0x10007500  myconfig.o



  Load Region LR$$.ARM.__AT_0x10007D00 (Base: 0x10007d00, Size: 0x00000000, Max: 0x00000800, ABSOLUTE)

    Execution Region ER$$.ARM.__AT_0x10007D00 (Exec base: 0x10007d00, Load base: 0x10007d00, Size: 0x00000800, Max: 0x00000800, ABSOLUTE, UNINIT)

    Exec Addr    Load Addr    Size         Type   Attr      Idx    E Section Name        Object

    0x10007d00        -       0x00000800   Zero   RW          268    .ARM.__AT_0x10007D00  myconfig.o



  Load Region LR$$.ARM.__AT_0x10008500 (Base: 0x10008500, Size: 0x00000000, Max: 0x00000800, ABSOLUTE)

    Execution Region ER$$.ARM.__AT_0x10008500 (Exec base: 0x10008500, Load base: 0x10008500, Size: 0x00000800, Max: 0x00000800, ABSOLUTE, UNINIT)

    Exec Addr    Load Addr    Size         Type   Attr      Idx    E Section Name        Object

    0x10008500        -       0x00000800   Zero   RW          269    .ARM.__AT_0x10008500  myconfig.o



  Load Region LR$$.ARM.__AT_0x10008D00 (Base: 0x10008d00, Size: 0x00000000, Max: 0x00000800, ABSOLUTE)

    Execution Region ER$$.ARM.__AT_0x10008D00 (Exec base: 0x10008d00, Load base: 0x10008d00, Size: 0x00000800, Max: 0x00000800, ABSOLUTE, UNINIT)

    Exec Addr    Load Addr    Size         Type   Attr      Idx    E Section Name        Object

    0x10008d00        -       0x00000800   Zero   RW          270    .ARM.__AT_0x10008D00  myconfig.o



  Load Region LR$$.ARM.__AT_0x10009500 (Base: 0x10009500, Size: 0x00000000, Max: 0x00000800, ABSOLUTE)

    Execution Region ER$$.ARM.__AT_0x10009500 (Exec base: 0x10009500, Load base: 0x10009500, Size: 0x00000800, Max: 0x00000800, ABSOLUTE, UNINIT)

    Exec Addr    Load Addr    Size         Type   Attr      Idx    E Section Name        Object

    0x10009500        -       0x00000800   Zero   RW          271    .ARM.__AT_0x10009500  myconfig.o



  Load Region LR$$.ARM.__AT_0x10009D00 (Base: 0x10009d00, Size: 0x00000000, Max: 0x00000800, ABSOLUTE)

    Execution Region ER$$.ARM.__AT_0x10009D00 (Exec base: 0x10009d00, Load base: 0x10009d00, Size: 0x00000800, Max: 0x00000800, ABSOLUTE, UNINIT)

    Exec Addr    Load Addr    Size         Type   Attr      Idx    E Section Name        Object

    0x10009d00        -       0x00000800   Zero   RW          272    .ARM.__AT_0x10009D00  myconfig.o



  Load Region LR$$.ARM.__AT_0x1000A500 (Base: 0x1000a500, Size: 0x00000000, Max: 0x00000800, ABSOLUTE)

    Execution Region ER$$.ARM.__AT_0x1000A500 (Exec base: 0x1000a500, Load base: 0x1000a500, Size: 0x00000800, Max: 0x00000800, ABSOLUTE, UNINIT)

    Exec Addr    Load Addr    Size         Type   Attr      Idx    E Section Name        Object

    0x1000a500        -       0x00000800   Zero   RW          273    .ARM.__AT_0x1000A500  myconfig.o



  Load Region LR$$.ARM.__AT_0x1000AD00 (Base: 0x1000ad00, Size: 0x00000000, Max: 0x00000800, ABSOLUTE)

    Execution Region ER$$.ARM.__AT_0x1000AD00 (Exec base: 0x1000ad00, Load base: 0x1000ad00, Size: 0x00000800, Max: 0x00000800, ABSOLUTE, UNINIT)

    Exec Addr    Load Addr    Size         Type   Attr      Idx    E Section Name        Object

    0x1000ad00        -       0x00000800   Zero   RW          274    .ARM.__AT_0x1000AD00  myconfig.o



  Load Region LR$$.ARM.__AT_0x68000000 (Base: 0x68000000, Size: 0x00000000, Max: 0x000f0000, ABSOLUTE)

    Execution Region ER$$.ARM.__AT_0x68000000 (Exec base: 0x68000000, Load base: 0x68000000, Size: 0x000f0000, Max: 0x000f0000, ABSOLUTE, UNINIT)

    Exec Addr    Load Addr    Size         Type   Attr      Idx    E Section Name        Object

    0x68000000        -       0x000f0000   Zero   RW          716    .ARM.__AT_0x68000000  malloc.o



  Load Region LR$$.ARM.__AT_0x680F0000 (Base: 0x680f0000, Size: 0x00000000, Max: 0x0000f000, ABSOLUTE)

    Execution Region ER$$.ARM.__AT_0x680F0000 (Exec base: 0x680f0000, Load base: 0x680f0000, Size: 0x0000f000, Max: 0x0000f000, ABSOLUTE, UNINIT)

    Exec Addr    Load Addr    Size         Type   Attr      Idx    E Section Name        Object

    0x680f0000        -       0x0000f000   Zero   RW          717    .ARM.__AT_0x680F0000  malloc.o


==============================================================================

Image component sizes


      Code (inc. data)   RO Data    RW Data    ZI Data      Debug   Object Name

        84          4          0          0          0       4781   application.o
       208         18          0          4          0       1013   beep_dri.o
       420         54          0          0          0       2024   can_app.o
      5176        234          0        220         40      19229   can_dri.o
        56          8        512          0          0       1222   crc.o
       296         18          0          4          0       1825   delay.o
         0          0          0        174        590     316444   globaldata.o
       244         24          0          0          0        792   led_app.o
       968         20          0          0         10       2956   led_dri.o
       556         18         36         36    1069504       5017   malloc.o
       224         20          0          0          0       1801   misc.o
       704         28          0         50        208       2244   modbus.o
       344         32          0          4          0       1762   modbus_app.o
      2292        312          0          0      25088      32890   myconfig.o
      2184        218        256         68       3924      14754   os_core.o
       200         32          0          0          0        316   os_cpu_a.o
       452          6          0          0          0      10149   os_cpu_c.o
       972         16          0          0          0       4310   os_mbox.o
      1512         30          0          0          0       5765   os_q.o
       908         18          0          0          0       4042   os_sem.o
      1972         68          0          0          0       7837   os_task.o
       432         30          0          0          0       1870   os_time.o
        64         26        392          0       1536        828   startup_stm32f40_41xxx.o
       216         12          0          0          0       1524   state_app.o
      1740        136          0         14          0       4984   stepmotor_dir.o
      2480         36          0          0          0       8140   stm32f4xx_can.o
       660         44          0          0          0       4141   stm32f4xx_gpio.o
        22          0          0          0          0       1027   stm32f4xx_it.o
      1628         52          0         16          0      13008   stm32f4xx_rcc.o
      1152         36          0          0          0       6889   stm32f4xx_spi.o
      3234         60          0          0          0      22996   stm32f4xx_tim.o
      1108         34          0          0          0       7864   stm32f4xx_usart.o
       528         46          0         20          0       1747   system_stm32f4xx.o
       152          6          0          0          0        648   timer_app.o
       192          8          0          2          0       1562   timer_dri.o
      1860        104          0          5          0       4268   trackmission_app.o
      1428         88          0          4          0       4557   trackmission_dri.o
      4304        200          0          4          0       8439   transitionfunction.o
       676         24          0          1          0       1970   uart_drv.o
       344         20          0          6        200       3282   usart.o
      1512         42          0          2       6144       6327   w25qxx_dir.o

    ----------------------------------------------------------------------
     43508       2182       1228        648    1107268     547244   Object Totals
         0          0         32          0          0          0   (incl. Generated)
         4          0          0         14         24          0   (incl. Padding)

    ----------------------------------------------------------------------

      Code (inc. data)   RO Data    RW Data    ZI Data      Debug   Library Member Name

        90          0          0          0          0          0   __dczerorl2.o
         8          0          0          0          0         68   __main.o
         0          0          0          0          0          0   __rtentry.o
        12          0          0          0          0          0   __rtentry2.o
         6          0          0          0          0          0   __rtentry4.o
        52          8          0          0          0          0   __scatter.o
        28          0          0          0          0          0   __scatter_zi.o
        16          0          0          0          0         68   aeabi_memset.o
        18          0          0          0          0         80   exit.o
         6          0          0          0          0        152   heapauxi.o
         2          0          0          0          0          0   libinit.o
         6          0          0          0          0          0   libinit2.o
         2          0          0          0          0          0   libshutdown.o
         2          0          0          0          0          0   libshutdown2.o
         8          4          0          0         96         68   libspace.o
        88          0          0          0          0         76   memcmp.o
        68          0          0          0          0         68   rt_memclr.o
        78          0          0          0          0         80   rt_memclr_w.o
       138          0          0          0          0         68   rt_memcpy_v6.o
       100          0          0          0          0         80   rt_memcpy_w.o
         2          0          0          0          0          0   rtexit.o
        10          0          0          0          0          0   rtexit2.o
        74          0          0          0          0         80   sys_stackheap_outer.o
         2          0          0          0          0         68   use_no_semi.o
         2          0          0          0          0         68   use_no_semi_2.o
        10          0          0          0          0        116   fpinit.o

    ----------------------------------------------------------------------
       836         12          0          0        100       1140   Library Totals
         8          0          0          0          4          0   (incl. Padding)

    ----------------------------------------------------------------------

      Code (inc. data)   RO Data    RW Data    ZI Data      Debug   Library Name

       818         12          0          0         96       1024   c_w.l
        10          0          0          0          0        116   fz_wm.l

    ----------------------------------------------------------------------
       836         12          0          0        100       1140   Library Totals

    ----------------------------------------------------------------------

==============================================================================


      Code (inc. data)   RO Data    RW Data    ZI Data      Debug   

     44344       2194       1228        648    1107368     540316   Grand Totals
     44344       2194       1228        212    1107368     540316   ELF Image Totals (compressed)
     44344       2194       1228        212          0          0   ROM Totals

==============================================================================

    Total RO  Size (Code + RO Data)                45572 (  44.50kB)
    Total RW  Size (RW Data + ZI Data)           1108016 (1082.05kB)
    Total ROM Size (Code + RO Data + RW Data)      45784 (  44.71kB)

==============================================================================

